{
  "type": "Feature",
  "stac_version": "1.0.0",
  "id": "MCD15A3H.A2022033.h12v10.061",
  "properties": {
    "start_datetime": "2022-02-02T00:00:00Z",
    "end_datetime": "2022-02-05T23:59:59Z",
    "instruments": [
      "modis"
    ],
    "platform": "terra,aqua",
    "created": "2022-02-08T06:22:15Z",
    "updated": "2022-02-08T00:30:21.656000Z",
    "modis:horizontal-tile": 12,
    "modis:vertical-tile": 10,
    "modis:tile-id": "51012010",
    "eo:cloud_cover": 39,
    "datetime": null
  },
  "geometry": {
    "type": "Polygon",
    "coordinates": [
      [
        [
          -63.8506663420922,
          -19.9999999982039
        ],
        [
          -60.9332459081005,
          -9.95174301126409
        ],
        [
          -50.5717093742954,
          -9.96742499665193
        ],
        [
          -52.9885896490026,
          -20.0151416658559
        ],
        [
          -63.8506663420922,
          -19.9999999982039
        ]
      ]
    ]
  },
  "links": [
    {
      "rel": "root",
      "href": "../collection.json",
      "type": "application/json",
      "title": "MODIS Leaf Area Index/FPAR 4-Day"
    },
    {
      "rel": "collection",
      "href": "../collection.json",
      "type": "application/json",
      "title": "MODIS Leaf Area Index/FPAR 4-Day"
    },
    {
      "rel": "parent",
      "href": "../collection.json",
      "type": "application/json",
      "title": "MODIS Leaf Area Index/FPAR 4-Day"
    }
  ],
  "assets": {
    "hdf": {
      "href": "../../../../MCD15A3H.A2022033.h12v10.061.2022039062215.hdf",
      "type": "application/x-hdf",
      "title": "Source data containing all bands",
      "roles": [
        "data"
      ]
    },
    "metadata": {
      "href": "../../../../MCD15A3H.A2022033.h12v10.061.2022039062215.hdf.xml",
      "type": "application/xml",
      "title": "Federal Geographic Data Committee (FGDC) Metadata",
      "roles": [
        "metadata"
      ]
    }
  },
  "bbox": [
    -63.8506663420922,
    -20.0151416658559,
    -50.5717093742954,
    -9.95174301126409
  ],
  "stac_extensions": [
    "https://stac-extensions.github.io/eo/v1.0.0/schema.json"
  ],
  "collection": "modis-15A3H-061"
}