{
  "type": "Collection",
  "id": "modis-10A1-006",
  "stac_version": "1.0.0",
  "description": "This data set contains daily, gridded snow cover and albedo derived from radiance data acquired by the Moderate Resolution Imaging Spectroradiometer (MODIS) on board the Terra satellite. Snow cover is identified using the Normalized Difference Snow Index (NDSI) and a series of screens designed to alleviate errors and flag uncertain snow cover detections.",
  "links": [
    {
      "rel": "root",
      "href": "./collection.json",
      "type": "application/json",
      "title": "MODIS/Terra Snow Cover Daily L3 Global 500m SIN Grid, Version 6"
    },
    {
      "rel": "describedby",
      "href": "https://doi.org/10.5067/MODIS/MOD10A1.006",
      "title": "MODIS/Terra Snow Cover Daily L3 Global 500m SIN Grid, Version 61"
    },
    {
      "rel": "item",
      "href": "./MOD10A1.A2022029.h10v05.006/MOD10A1.A2022029.h10v05.006.json",
      "type": "application/json"
    }
  ],
  "stac_extensions": [
    "https://stac-extensions.github.io/item-assets/v1.0.0/schema.json"
  ],
  "item_assets": {
    "hdf": {
      "type": "application/x-hdf",
      "roles": [
        "data"
      ],
      "title": "Source data containing all bands"
    },
    "metadata": {
      "type": "application/xml",
      "roles": [
        "metadata"
      ],
      "title": "Federal Geographic Data Committee (FGDC) Metadata"
    },
    "NDSI_Snow_Cover": {
      "title": "Gridded NDSI snow cover and data flag values.",
      "roles": [
        "data"
      ],
      "type": "image/tiff; application=geotiff; profile=cloud-optimized"
    },
    "NDSI_Snow_Cover_Basic_QA": {
      "title": "A general estimate of the quality of the algorithm result.",
      "roles": [
        "data"
      ],
      "type": "image/tiff; application=geotiff; profile=cloud-optimized"
    },
    "NDSI_Snow_Cover_Algorithm_Flags_QA": {
      "title": "Algorithm-specific bit flags set for data screens and for inland water.",
      "roles": [
        "data"
      ],
      "type": "image/tiff; application=geotiff; profile=cloud-optimized"
    },
    "NDSI": {
      "title": "Raw NDSI values (i.e. prior to screening).",
      "roles": [
        "data"
      ],
      "type": "image/tiff; application=geotiff; profile=cloud-optimized"
    },
    "Snow_Albedo_Daily_Tile": {
      "title": "Daily snow albedo corresponding to the NDSI_Snow_Cover parameter.",
      "roles": [
        "data"
      ],
      "type": "image/tiff; application=geotiff; profile=cloud-optimized"
    },
    "orbit_pnt": {
      "title": "Pointer to the orbit of the swath mapped into each grid cell.",
      "roles": [
        "data"
      ],
      "type": "image/tiff; application=geotiff; profile=cloud-optimized"
    },
    "granule_pnt": {
      "title": "Pointer for identifying the swath mapped into each grid cell.",
      "roles": [
        "data"
      ],
      "type": "image/tiff; application=geotiff; profile=cloud-optimized"
    }
  },
  "title": "MODIS/Terra Snow Cover Daily L3 Global 500m SIN Grid, Version 6",
  "extent": {
    "spatial": {
      "bbox": [
        [
          -180.0,
          180.0,
          -90.0,
          90.0
        ]
      ]
    },
    "temporal": {
      "interval": [
        [
          "2000-02-24T00:00:00Z",
          null
        ]
      ]
    }
  },
  "license": "proprietary",
  "keywords": [],
  "providers": [
    {
      "name": "NASA NSIDC DAAC at CIRES",
      "roles": [
        "producer",
        "licensor"
      ],
      "url": "https://doi.org/10.5067/MODIS/MOD10A1.006"
    }
  ],
  "summaries": {
    "instruments": [
      "modis"
    ],
    "platform": [
      "terra"
    ]
  }
}