{
  "type": "Feature",
  "stac_version": "1.0.0",
  "id": "MOD13A1.A2022017.h12v11.061",
  "properties": {
    "start_datetime": "2022-01-17T00:00:00Z",
    "end_datetime": "2022-02-01T23:59:59Z",
    "instruments": [
      "modis"
    ],
    "platform": "terra",
    "created": "2022-02-04T04:22:14Z",
    "updated": "2022-02-03T22:31:06.875000Z",
    "modis:horizontal-tile": 12,
    "modis:vertical-tile": 11,
    "modis:tile-id": "51012011",
    "eo:cloud_cover": 0,
    "datetime": null
  },
  "geometry": {
    "type": "Polygon",
    "coordinates": [
      [
        [
          -69.2820322946525,
          -29.9999999973059
        ],
        [
          -63.8417595448675,
          -19.9038664997372
        ],
        [
          -52.9919478058681,
          -19.9300507935426
        ],
        [
          -57.5007035540871,
          -30.0273750973898
        ],
        [
          -69.2820322946525,
          -29.9999999973059
        ]
      ]
    ]
  },
  "links": [
    {
      "rel": "root",
      "href": "../collection.json",
      "type": "application/json",
      "title": "MODIS Vegetation Indices 16-Day (500m)"
    },
    {
      "rel": "collection",
      "href": "../collection.json",
      "type": "application/json",
      "title": "MODIS Vegetation Indices 16-Day (500m)"
    },
    {
      "rel": "parent",
      "href": "../collection.json",
      "type": "application/json",
      "title": "MODIS Vegetation Indices 16-Day (500m)"
    }
  ],
  "assets": {
    "hdf": {
      "href": "../../../../MOD13A1.A2022017.h12v11.061.2022034232214.hdf",
      "type": "application/x-hdf",
      "title": "Source data containing all bands",
      "roles": [
        "data"
      ]
    },
    "metadata": {
      "href": "../../../../MOD13A1.A2022017.h12v11.061.2022034232214.hdf.xml",
      "type": "application/xml",
      "title": "Federal Geographic Data Committee (FGDC) Metadata",
      "roles": [
        "metadata"
      ]
    }
  },
  "bbox": [
    -69.2820322946525,
    -30.0273750973898,
    -52.9919478058681,
    -19.9038664997372
  ],
  "stac_extensions": [
    "https://stac-extensions.github.io/eo/v1.0.0/schema.json"
  ],
  "collection": "modis-13A1-061"
}