{
  "type": "Collection",
  "id": "modis-10A2-061",
  "stac_version": "1.0.0",
  "description": "This global Level-3 (L3) data set provides the maximum snow cover extent observed over an eight-day period within 10degx10deg MODIS sinusoidal grid tiles. Tiles are generated by compositing 500 m observations from the 'MODIS Snow Cover Daily L3 Global 500m Grid' data set. A bit flag index is used to track the eight-day snow/no-snow chronology for each 500 m cell.",
  "links": [
    {
      "rel": "root",
      "href": "./collection.json",
      "type": "application/json",
      "title": "MODIS Snow Cover 8-day"
    },
    {
      "rel": "cite-as",
      "href": "https://doi.org/10.5067/MODIS/MOD10A2.061",
      "title": "MODIS/Terra Snow Cover 8-Day L3 Global 500m SIN Grid, Version 61"
    },
    {
      "rel": "cite-as",
      "href": "https://doi.org/10.5067/MODIS/MYD10A2.061",
      "title": "MODIS/Aqua Snow Cover 8-Day L3 Global 500m SIN Grid, Version 61"
    },
    {
      "rel": "item",
      "href": "./MOD10A2.A2022033.h09v05.061.2022042050729/MOD10A2.A2022033.h09v05.061.2022042050729.json",
      "type": "application/json"
    }
  ],
  "stac_extensions": [
    "https://stac-extensions.github.io/item-assets/v1.0.0/schema.json"
  ],
  "item_assets": {
    "hdf": {
      "type": "application/x-hdf",
      "roles": [
        "data"
      ],
      "title": "Source data containing all bands"
    },
    "metadata": {
      "type": "application/xml",
      "roles": [
        "metadata"
      ],
      "title": "Federal Geographic Data Committee (FGDC) Metadata"
    }
  },
  "title": "MODIS Snow Cover 8-day",
  "extent": {
    "spatial": {
      "bbox": [
        [
          -180,
          -90,
          180,
          90
        ]
      ]
    },
    "temporal": {
      "interval": [
        [
          "2000-02-18T00:00:00Z",
          null
        ]
      ]
    }
  },
  "license": "proprietary",
  "keywords": [
    "NASA",
    "MODIS",
    "Satellite",
    "Remote Sensing",
    "Imagery",
    "Global",
    "MOD10A2",
    "MYD10A2"
  ],
  "providers": [
    {
      "name": "National Snow and Ice Data Center",
      "roles": [
        "producer",
        "licensor",
        "processor",
        "host"
      ],
      "url": "https://nsidc.org"
    }
  ],
  "summaries": {
    "instruments": [
      "modis"
    ],
    "platform": [
      "terra"
    ]
  }
}