{
  "type": "Feature",
  "stac_version": "1.0.0",
  "id": "MOD17A2H.A2022017.h09v04.006",
  "properties": {
    "Non-Terrestrial_fill_value_class_32761": "Land cover assigned as 'unclassified' or not able to determine",
    "Non-Terrestrial_fill_value_class_32762": "Land cover assigned as urban/built-up",
    "Non-Terrestrial_fill_value_class_32763": "Land cover assigned as 'permanent' wetlands/inundated marshland",
    "Non-Terrestrial_fill_value_class_32764": "Land cover assigned as perennial snow, ice",
    "Non-Terrestrial_fill_value_class_32765": "Land cover assigned as barren, sparse vegetation (rock, tundra, desert)",
    "Non-Terrestrial_fill_value_class_32766": "Land cover assigned as perennial salt or water bodies",
    "Non-Terrestrial_fill_value_class_32767": "Fill",
    "MODLAND_QC_bits_0": "Good Quality - main algorithm with or without saturation",
    "MODLAND_QC_bits_1": "Other Quality - back-up algorithm or fill values",
    "SENSOR_0": "Terra",
    "SENSOR_1": "Aqua",
    "DEADDETECTOR_0": "Detectors apparently fine for up to 50% of channels 1,2",
    "DEADDETECTOR_1": "Dead detectors caused >50% adjacent detector retrieval",
    "CLOUDSTATE_00": "0 Significant clouds NOT present (clear)",
    "CLOUDSTATE_01": "1 Significant clouds WERE present",
    "CLOUDSTATE_10": "2 Mixed cloud present on pixel",
    "CLOUDSTATE_11": "3 Cloud state not defined,assumed clear",
    "SCF_QC_000": "0, Main (RT) method used, best result possible (no saturation)",
    "SCF_QC_001": "1, Main (RT) method used with saturation. Good,very usable",
    "SCF_QC_010": "2, Main (RT) method failed due to bad geometry, empirical algorithm used",
    "SCF_QC_011": "3, Main (RT) method failed due to problems other than geometry,empirical algorithm used",
    "SCF_QC_100": "4, Pixel not produced at all, value coudn't be retrieved(possible reasons: bad L1B data, unusable MOD09GA data)",
    "start_datetime": "2022-01-17T00:00:00Z",
    "end_datetime": "2022-01-24T23:59:59Z",
    "instruments": [
      "modis"
    ],
    "platform": "terra",
    "created": "2022-01-26T22:24:24Z",
    "updated": "2022-01-27T01:09:02.847000Z",
    "modis:horizontal-tile": 9,
    "modis:vertical-tile": 4,
    "modis:tile-id": "51009004",
    "eo:cloud_cover": 70,
    "datetime": null
  },
  "geometry": {
    "type": "Polygon",
    "coordinates": [
      [
        [
          -140.015144,
          50.0
        ],
        [
          -138.402529,
          49.4375
        ],
        [
          -136.816886,
          48.866667
        ],
        [
          -135.258364,
          48.2875
        ],
        [
          -133.716396,
          47.695833
        ],
        [
          -132.22313,
          47.104167
        ],
        [
          -130.74657,
          46.5
        ],
        [
          -129.297443,
          45.8875
        ],
        [
          -127.875764,
          45.266667
        ],
        [
          -126.490615,
          44.641667
        ],
        [
          -125.123511,
          44.004167
        ],
        [
          -123.7753,
          43.354167
        ],
        [
          -122.471428,
          42.704167
        ],
        [
          -121.18633,
          42.041667
        ],
        [
          -119.920744,
          41.366667
        ],
        [
          -118.697622,
          40.691667
        ],
        [
          -117.486656,
          40.0
        ],
        [
          -104.432583,
          40.0
        ],
        [
          -105.502401,
          40.6875
        ],
        [
          -106.596217,
          41.366667
        ],
        [
          -107.721182,
          42.041667
        ],
        [
          -108.863492,
          42.704167
        ],
        [
          -110.022489,
          43.354167
        ],
        [
          -111.220898,
          44.004167
        ],
        [
          -112.436102,
          44.641667
        ],
        [
          -113.667346,
          45.266667
        ],
        [
          -114.93106,
          45.8875
        ],
        [
          -116.219174,
          46.5
        ],
        [
          -117.531671,
          47.104167
        ],
        [
          -118.868518,
          47.7
        ],
        [
          -120.229657,
          48.2875
        ],
        [
          -121.61501,
          48.866667
        ],
        [
          -123.02447,
          49.4375
        ],
        [
          -124.457906,
          50.0
        ],
        [
          -140.015144,
          50.0
        ]
      ]
    ]
  },
  "links": [
    {
      "rel": "root",
      "href": "../collection.json",
      "type": "application/json",
      "title": "MODIS/Terra Gross Primary Productivity 8-Day L4 Global 500 m SIN"
    },
    {
      "rel": "collection",
      "href": "../collection.json",
      "type": "application/json",
      "title": "MODIS/Terra Gross Primary Productivity 8-Day L4 Global 500 m SIN"
    },
    {
      "rel": "parent",
      "href": "../collection.json",
      "type": "application/json",
      "title": "MODIS/Terra Gross Primary Productivity 8-Day L4 Global 500 m SIN"
    }
  ],
  "assets": {
    "hdf": {
      "href": "../../../../MOD17A2H.A2022017.h09v04.006.2022026222424.hdf",
      "type": "application/x-hdf",
      "title": "Source data containing all bands",
      "roles": [
        "data"
      ]
    },
    "metadata": {
      "href": "../../../../MOD17A2H.A2022017.h09v04.006.2022026222424.hdf.xml",
      "type": "application/xml",
      "title": "Federal Geographic Data Committee (FGDC) Metadata",
      "roles": [
        "metadata"
      ]
    }
  },
  "bbox": [
    -140.015144,
    40.0,
    -104.432583,
    50.0
  ],
  "stac_extensions": [
    "https://stac-extensions.github.io/eo/v1.0.0/schema.json"
  ],
  "collection": "modis-17A2H-006"
}