{
  "type": "Feature",
  "stac_version": "1.0.0",
  "id": "MOD10A2.A2022033.h09v05.061.2022042050729",
  "properties": {
    "start_datetime": "2022-02-02T00:00:00Z",
    "end_datetime": "2022-02-09T23:59:59Z",
    "modis:horizontal-tile": 9,
    "modis:vertical-tile": 5,
    "modis:tile-id": "51009005",
    "instruments": [
      "modis"
    ],
    "platform": "terra",
    "created": "2022-02-11T05:07:40Z",
    "updated": "2022-02-10T22:17:10.512000Z",
    "proj:epsg": null,
    "proj:wkt2": "PROJCS[\"unnamed\",GEOGCS[\"Unknown datum based upon the custom spheroid\",DATUM[\"Not specified (based on custom spheroid)\",SPHEROID[\"Custom spheroid\",6371007.181,0]],PRIMEM[\"Greenwich\",0],UNIT[\"degree\",0.0174532925199433,AUTHORITY[\"EPSG\",\"9122\"]]],PROJECTION[\"Sinusoidal\"],PARAMETER[\"longitude_of_center\",0],PARAMETER[\"false_easting\",0],PARAMETER[\"false_northing\",0],UNIT[\"Meter\",1],AXIS[\"Easting\",EAST],AXIS[\"Northing\",NORTH]]",
    "proj:geometry": {
      "type": "Polygon",
      "coordinates": [
        [
          [
            -8895604.157333,
            3335851.559
          ],
          [
            -8895604.157333,
            4447802.078667
          ],
          [
            -10007554.677,
            4447802.078667
          ],
          [
            -10007554.677,
            3335851.559
          ],
          [
            -8895604.157333,
            3335851.559
          ]
        ]
      ]
    },
    "proj:transform": [
      463.3127165279165,
      0.0,
      -10007554.677,
      0.0,
      -463.3127165279167,
      4447802.078667
    ],
    "proj:shape": [
      2400,
      2400
    ],
    "datetime": null
  },
  "geometry": {
    "type": "Polygon",
    "coordinates": [
      [
        [
          -103.835851753394,
          29.8360532722546
        ],
        [
          -117.486656023174,
          39.9999999964079
        ],
        [
          -104.256722414513,
          40.0742066197196
        ],
        [
          -92.131858571552,
          29.9009502428382
        ],
        [
          -103.835851753394,
          29.8360532722546
        ]
      ]
    ]
  },
  "links": [
    {
      "rel": "root",
      "href": "../collection.json",
      "type": "application/json",
      "title": "MODIS Snow Cover 8-Day L3 Global 500m SIN Grid"
    },
    {
      "rel": "collection",
      "href": "../collection.json",
      "type": "application/json",
      "title": "MODIS Snow Cover 8-Day L3 Global 500m SIN Grid"
    },
    {
      "rel": "parent",
      "href": "../collection.json",
      "type": "application/json",
      "title": "MODIS Snow Cover 8-Day L3 Global 500m SIN Grid"
    }
  ],
  "assets": {
    "hdf": {
      "href": "../../../../MOD10A2.A2022033.h09v05.061.2022042050729.hdf",
      "type": "application/x-hdf",
      "title": "hdf data",
      "eo:bands": [
        {
          "name": "Maximum_Snow_Extent",
          "description": "Maximum snow extent over the 8-day period."
        },
        {
          "name": "Eight_Day_Snow_Cover",
          "description": "Snow chronology bit flags for each day in the eight-day observation period."
        }
      ],
      "raster:bands": [
        {
          "data_type": "uint8",
          "spatial_resolution": 500
        },
        {
          "data_type": "uint8",
          "spatial_resolution": 500
        }
      ],
      "roles": [
        "data"
      ]
    },
    "metadata": {
      "href": "../../../../MOD10A2.A2022033.h09v05.061.2022042050729.hdf.xml",
      "type": "application/xml",
      "title": "FGDC Metdata",
      "roles": [
        "metadata"
      ]
    },
    "Eight_Day_Snow_Cover": {
      "href": "../../../../MOD10A2.A2022033.h09v05.061.2022042050729_Eight_Day_Snow_Cover.tif",
      "type": "image/tiff; application=geotiff; profile=cloud-optimized",
      "title": "Eight_Day_Snow_Cover",
      "description": "Snow chronology bit flags for each day in the eight-day observation period.",
      "eo:bands": [
        {
          "name": "Eight_Day_Snow_Cover",
          "description": "Snow chronology bit flags for each day in the eight-day observation period."
        }
      ],
      "raster:bands": [
        {
          "data_type": "uint8",
          "spatial_resolution": 500
        }
      ],
      "roles": [
        "data"
      ]
    },
    "Maximum_Snow_Extent": {
      "href": "../../../../MOD10A2.A2022033.h09v05.061.2022042050729_Maximum_Snow_Extent.tif",
      "type": "image/tiff; application=geotiff; profile=cloud-optimized",
      "title": "Maximum_Snow_Extent",
      "description": "Maximum snow extent over the 8-day period.",
      "eo:bands": [
        {
          "name": "Maximum_Snow_Extent",
          "description": "Maximum snow extent over the 8-day period."
        }
      ],
      "raster:bands": [
        {
          "data_type": "uint8",
          "spatial_resolution": 500
        }
      ],
      "file:values": [
        {
          "values": [
            0
          ],
          "summary": "missing data"
        },
        {
          "values": [
            1
          ],
          "summary": "no decision"
        },
        {
          "values": [
            11
          ],
          "summary": "night"
        },
        {
          "values": [
            25
          ],
          "summary": "no snow"
        },
        {
          "values": [
            37
          ],
          "summary": "lake"
        },
        {
          "values": [
            39
          ],
          "summary": "ocean"
        },
        {
          "values": [
            50
          ],
          "summary": "cloud"
        },
        {
          "values": [
            100
          ],
          "summary": "lake ice"
        },
        {
          "values": [
            200
          ],
          "summary": "snow"
        },
        {
          "values": [
            254
          ],
          "summary": "detector saturated"
        }
      ],
      "roles": [
        "data"
      ]
    }
  },
  "bbox": [
    -117.486656023174,
    29.8360532722546,
    -92.131858571552,
    40.0742066197196
  ],
  "stac_extensions": [
    "https://stac-extensions.github.io/eo/v1.0.0/schema.json",
    "https://stac-extensions.github.io/raster/v1.0.0/schema.json",
    "https://stac-extensions.github.io/projection/v1.0.0/schema.json",
    "https://stac-extensions.github.io/file/v2.0.0/schema.json"
  ],
  "collection": "modis-10A2-061"
}