{
  "type": "Feature",
  "stac_version": "1.0.0",
  "id": "MCD15A2H.A2022025.h01v11.061.2022035062702",
  "properties": {
    "gsd": 500,
    "start_datetime": "2022-01-25T00:00:00Z",
    "end_datetime": "2022-02-01T23:59:59Z",
    "modis:horizontal-tile": 1,
    "modis:vertical-tile": 11,
    "modis:tile-id": "51001011",
    "instruments": [
      "modis"
    ],
    "platform": "terra,aqua",
    "created": "2022-02-04T06:27:02Z",
    "updated": "2022-02-04T00:36:19.295000Z",
    "datetime": null
  },
  "geometry": {
    "type": "Polygon",
    "coordinates": [
      [
        [
          179.73790138346,
          -27.2577913842797
        ],
        [
          -179.99759047847,
          -19.9296251074518
        ],
        [
          -170.262009620933,
          -19.9373696403913
        ],
        [
          -169.997993708017,
          -27.2397265661842
        ],
        [
          179.73790138346,
          -27.2577913842797
        ]
      ]
    ]
  },
  "links": [
    {
      "rel": "root",
      "href": "../collection.json",
      "type": "application/json",
      "title": "MODIS/Terra+Aqua Leaf Area Index/FPAR 8-Day L4 Global 500 m SIN Grid"
    },
    {
      "rel": "collection",
      "href": "../collection.json",
      "type": "application/json",
      "title": "MODIS/Terra+Aqua Leaf Area Index/FPAR 8-Day L4 Global 500 m SIN Grid"
    },
    {
      "rel": "parent",
      "href": "../collection.json",
      "type": "application/json",
      "title": "MODIS/Terra+Aqua Leaf Area Index/FPAR 8-Day L4 Global 500 m SIN Grid"
    }
  ],
  "assets": {
    "hdf": {
      "href": "../../../../MCD15A2H.A2022025.h01v11.061.2022035062702.hdf",
      "type": "application/x-hdf",
      "title": "hdf data",
      "eo:bands": [
        {
          "name": "Fpar_500m",
          "description": "Fraction of Photosynthetically Active Radiation"
        },
        {
          "name": "Lai_500m",
          "description": "Leaf Area Index"
        },
        {
          "name": "FparLai_QC",
          "description": "Quality for FPAR and LAI"
        },
        {
          "name": "FparExtra_QC",
          "description": "Extra detail Quality for FPAR and LAI"
        },
        {
          "name": "FparStdDev_500m",
          "description": "Standard deviation of FPAR"
        },
        {
          "name": "LaiStdDev_500m",
          "description": "Standard deviation of LAI"
        }
      ],
      "raster:bands": [
        {
          "data_type": "uint8",
          "unit": "Percent",
          "scale": 0.01
        },
        {
          "data_type": "uint8",
          "unit": "m^2/m^2",
          "scale": 0.1
        },
        {
          "data_type": "uint8"
        },
        {
          "data_type": "uint8"
        },
        {
          "data_type": "uint8",
          "unit": "Percent",
          "scale": 0.01
        },
        {
          "data_type": "uint8",
          "unit": "m^2/m^2",
          "scale": 0.1
        }
      ],
      "roles": [
        "data"
      ]
    },
    "metadata": {
      "href": "../../../../MCD15A2H.A2022025.h01v11.061.2022035062702.hdf.xml",
      "type": "application/xml",
      "title": "FGDC Metdata",
      "roles": [
        "metadata"
      ]
    }
  },
  "bbox": [
    -179.99759047847,
    -27.2577913842797,
    179.73790138346,
    -19.9296251074518
  ],
  "stac_extensions": [
    "https://stac-extensions.github.io/eo/v1.0.0/schema.json",
    "https://stac-extensions.github.io/raster/v1.0.0/schema.json"
  ],
  "collection": "modis-MCD15A2H-061"
}