{
  "type": "Collection",
  "id": "modis-MCD12Q1-006",
  "stac_version": "1.0.0",
  "description": "The Terra and Aqua combined Moderate Resolution Imaging Spectroradiometer (MODIS) Land Cover Type (MCD12Q1) Version 6 data product provides global land cover types at yearly intervals (2001-2019), derived from six different classification schemes listed in the User Guide. The MCD12Q1 Version 6 data product is derived using supervised classifications of MODIS Terra and Aqua reflectance data. The supervised classifications then undergo additional post-processing that incorporate prior knowledge and ancillary information to further refine specific classes. Layers for Land Cover Type 1-5, Land Cover Property 1-3, Land Cover Property Assessment 1-3, Land Cover Quality Control (QC), and a Land Water Mask are provided in each MCD12Q1 Version 6 Hierarchical Data Format 4 (HDF4) file.",
  "links": [
    {
      "rel": "root",
      "href": "./collection.json",
      "type": "application/json",
      "title": "MODIS/Terra+Aqua Land Cover Type Yearly L3 Global 500 m SIN Grid"
    },
    {
      "rel": "help",
      "href": "https://lpdaac.usgs.gov/documents/101/MCD12_User_Guide_V6.pdf",
      "title": "User Guide"
    },
    {
      "rel": "describedby",
      "href": "https://ladsweb.modaps.eosdis.nasa.gov/filespec/MODIS/6/MCD12Q1",
      "title": "Data File"
    },
    {
      "rel": "cite-as",
      "href": "https://doi.org/10.5067/MODIS/MCD12Q1.006"
    },
    {
      "rel": "item",
      "href": "./MCD12Q1.A2001001.h00v08.006.2018142182903/MCD12Q1.A2001001.h00v08.006.2018142182903.json",
      "type": "application/json"
    }
  ],
  "stac_extensions": [
    "https://stac-extensions.github.io/item-assets/v1.0.0/schema.json",
    "https://stac-extensions.github.io/scientific/v1.0.0/schema.json"
  ],
  "item_assets": {
    "hdf": {
      "type": "application/x-hdf",
      "roles": [
        "data"
      ],
      "title": "hdf data",
      "eo:bands": [
        {
          "name": "LC_Type1",
          "description": "Land Cover Type 1: Annual InternationalGeosphere-Biosphere Programme (IGBP) classification"
        },
        {
          "name": "LC_Type2",
          "description": "Land Cover Type 2: Annual University of Maryland (UMD) classification"
        },
        {
          "name": "LC_Type3",
          "description": "Land Cover Type 3: Annual Leaf Area Index (LAI) classification"
        },
        {
          "name": "LC_Type4",
          "description": "Land Cover Type 4: Annual BIOME-Biogeochemical Cycles (BGC) classification"
        },
        {
          "name": "LC_Type5",
          "description": "Land Cover Type 5: Annual Plant Functional Types classification"
        },
        {
          "name": "LC_Prop1",
          "description": "FAO-Land Cover Classification System 1 (LCCS1) land cover layer"
        },
        {
          "name": "LC_Prop2",
          "description": "FAO-LCCS2 land use layer"
        },
        {
          "name": "LC_Prop3",
          "description": "FAO-LCCS3 surface hydrology layer"
        },
        {
          "name": "LC_Prop1_Assessment",
          "description": "LCCS1 land cover layer confidence"
        },
        {
          "name": "LC_Prop2_Assessment",
          "description": "LCCS2 land use layer confidence"
        },
        {
          "name": "LC_Prop3_Assessment",
          "description": "LCCS3 surface hydrology layer confidence"
        },
        {
          "name": "QC",
          "description": "Product quality flags"
        },
        {
          "name": "LW",
          "description": "Binary land (class 2) / water (class 1) mask derived from MOD44W"
        }
      ]
    },
    "metadata": {
      "type": "application/xml",
      "roles": [
        "metadata"
      ],
      "title": "FGDC Metdata"
    }
  },
  "sci:doi": "10.5067/MODIS/MCD12Q1.006",
  "title": "MODIS/Terra+Aqua Land Cover Type Yearly L3 Global 500 m SIN Grid",
  "extent": {
    "spatial": {
      "bbox": [
        [
          -180.0,
          180.0,
          -90.0,
          90.0
        ]
      ]
    },
    "temporal": {
      "interval": [
        [
          "2001-01-01T00:00:00Z",
          "2019-12-31T00:00:00Z"
        ]
      ]
    }
  },
  "license": "proprietary",
  "providers": [
    {
      "name": "NASA LP DAAC at the USGS EROS Center",
      "roles": [
        "producer",
        "licensor"
      ],
      "url": "https://doi.org/10.5067/MODIS/MCD12Q1.006"
    }
  ]
}