{
  "type": "Feature",
  "stac_version": "1.0.0",
  "id": "MYD14A1.A2022025.h01v07.061",
  "properties": {
    "start_datetime": "2022-01-25T00:00:00Z",
    "end_datetime": "2022-02-01T23:59:59Z",
    "instruments": [
      "modis"
    ],
    "platform": "aqua",
    "created": "2022-02-04T05:11:41Z",
    "updated": "2022-02-03T23:40:07.931000Z",
    "modis:horizontal-tile": 1,
    "modis:vertical-tile": 7,
    "modis:tile-id": "51001007",
    "datetime": null
  },
  "geometry": {
    "type": "Polygon",
    "coordinates": [
      [
        [
          -180.0,
          20.0
        ],
        [
          -179.99475,
          19.183333
        ],
        [
          -178.824789,
          18.075
        ],
        [
          -177.72025,
          16.95
        ],
        [
          -176.689693,
          15.816667
        ],
        [
          -175.725993,
          14.666667
        ],
        [
          -174.842801,
          13.516667
        ],
        [
          -174.027109,
          12.35
        ],
        [
          -173.285526,
          11.175
        ],
        [
          -172.622524,
          10.0
        ],
        [
          -162.468258,
          10.0
        ],
        [
          -162.799945,
          10.641667
        ],
        [
          -163.153493,
          11.283333
        ],
        [
          -163.529136,
          11.925
        ],
        [
          -163.927119,
          12.566667
        ],
        [
          -164.779369,
          13.833333
        ],
        [
          -165.715441,
          15.091667
        ],
        [
          -166.735978,
          16.341667
        ],
        [
          -167.834073,
          17.575
        ],
        [
          -169.008826,
          18.791667
        ],
        [
          -170.268444,
          20.0
        ],
        [
          -180.0,
          20.0
        ]
      ]
    ]
  },
  "links": [
    {
      "rel": "root",
      "href": "../collection.json",
      "type": "application/json",
      "title": "MODIS Thermal Anomalies/Fire Daily"
    },
    {
      "rel": "collection",
      "href": "../collection.json",
      "type": "application/json",
      "title": "MODIS Thermal Anomalies/Fire Daily"
    },
    {
      "rel": "parent",
      "href": "../collection.json",
      "type": "application/json",
      "title": "MODIS Thermal Anomalies/Fire Daily"
    }
  ],
  "assets": {
    "hdf": {
      "href": "../../../../MYD14A1.A2022025.h01v07.061.2022035001141.hdf",
      "type": "application/x-hdf",
      "title": "Source data containing all bands",
      "roles": [
        "data"
      ]
    },
    "metadata": {
      "href": "../../../../MYD14A1.A2022025.h01v07.061.2022035001141.hdf.xml",
      "type": "application/xml",
      "title": "Federal Geographic Data Committee (FGDC) Metadata",
      "roles": [
        "metadata"
      ]
    }
  },
  "bbox": [
    -180.0,
    10.0,
    -162.468258,
    20.0
  ],
  "stac_extensions": [],
  "collection": "modis-14A1-061"
}