{
  "type": "Feature",
  "stac_version": "1.0.0",
  "id": "MOD44W.A2015001.h10v04.006",
  "properties": {
    "Water_Mask_Class_0": "Land",
    "Water_Mask_Class_1": "Water",
    "Water_Mask_Class_250": "Outside of Projection",
    "QA_1": "High confidence observation",
    "QA_2": "Lower confidence water, but MOD44W V5 indicated water",
    "QA_3": "Lower confidence land",
    "QA_4": "Ocean mask",
    "QA_5": "Ocean mask, but no water observations recorded",
    "QA_6": "Burned area (MCD64A1)",
    "QA_7": "Urban or impervious surface",
    "QA_8": "No water detected, but MOD44W V5 shows inland water",
    "QA_10": "Fill - outside of projected area",
    "start_datetime": "2015-01-01T00:00:00Z",
    "end_datetime": "2015-12-31T00:00:00Z",
    "instruments": [
      "modis"
    ],
    "platform": "terra",
    "created": "2018-02-02T15:02:44Z",
    "updated": "2018-04-04T12:07:35.020000Z",
    "modis:horizontal-tile": 10,
    "modis:vertical-tile": 4,
    "modis:tile-id": "51010004",
    "eo:cloud_cover": 0,
    "datetime": null
  },
  "geometry": {
    "type": "Polygon",
    "coordinates": [
      [
        [
          -124.457906,
          50.0
        ],
        [
          -123.02447,
          49.4375
        ],
        [
          -121.61501,
          48.866667
        ],
        [
          -120.229657,
          48.2875
        ],
        [
          -118.868518,
          47.7
        ],
        [
          -117.531671,
          47.104167
        ],
        [
          -116.219174,
          46.5
        ],
        [
          -114.93106,
          45.8875
        ],
        [
          -113.667346,
          45.266667
        ],
        [
          -112.436102,
          44.641667
        ],
        [
          -111.220898,
          44.004167
        ],
        [
          -110.022489,
          43.354167
        ],
        [
          -108.863492,
          42.704167
        ],
        [
          -107.721182,
          42.041667
        ],
        [
          -106.596217,
          41.366667
        ],
        [
          -105.502401,
          40.6875
        ],
        [
          -104.432583,
          40.0
        ],
        [
          -91.37851,
          40.0
        ],
        [
          -92.320373,
          40.691667
        ],
        [
          -93.27169,
          41.366667
        ],
        [
          -94.256034,
          42.041667
        ],
        [
          -95.255555,
          42.704167
        ],
        [
          -96.269678,
          43.354167
        ],
        [
          -97.318286,
          44.004167
        ],
        [
          -98.381589,
          44.641667
        ],
        [
          -99.458928,
          45.266667
        ],
        [
          -100.572222,
          45.891667
        ],
        [
          -101.691777,
          46.5
        ],
        [
          -102.840212,
          47.104167
        ],
        [
          -104.009953,
          47.7
        ],
        [
          -105.20095,
          48.2875
        ],
        [
          -106.413133,
          48.866667
        ],
        [
          -107.646411,
          49.4375
        ],
        [
          -108.900668,
          50.0
        ],
        [
          -124.457906,
          50.0
        ]
      ]
    ]
  },
  "links": [
    {
      "rel": "root",
      "href": "../collection.json",
      "type": "application/json",
      "title": "MODIS/Terra Land Water Mask Derived from MODIS and SRTM L3 Yearly Global 250 m SIN Grid"
    },
    {
      "rel": "collection",
      "href": "../collection.json",
      "type": "application/json",
      "title": "MODIS/Terra Land Water Mask Derived from MODIS and SRTM L3 Yearly Global 250 m SIN Grid"
    },
    {
      "rel": "parent",
      "href": "../collection.json",
      "type": "application/json",
      "title": "MODIS/Terra Land Water Mask Derived from MODIS and SRTM L3 Yearly Global 250 m SIN Grid"
    }
  ],
  "assets": {
    "hdf": {
      "href": "../../../../MOD44W.A2015001.h10v04.006.2018033150244.hdf",
      "type": "application/x-hdf",
      "title": "Source data containing all bands",
      "roles": [
        "data"
      ]
    },
    "metadata": {
      "href": "../../../../MOD44W.A2015001.h10v04.006.2018033150244.hdf.xml",
      "type": "application/xml",
      "title": "Federal Geographic Data Committee (FGDC) Metadata",
      "roles": [
        "metadata"
      ]
    }
  },
  "bbox": [
    -124.457906,
    40.0,
    -91.37851,
    50.0
  ],
  "stac_extensions": [
    "https://stac-extensions.github.io/eo/v1.0.0/schema.json"
  ],
  "collection": "modis-44W-006"
}