{
  "type": "Feature",
  "stac_version": "1.0.0",
  "id": "MYD17A2H.A2022025.h22v08.061",
  "properties": {
    "start_datetime": "2022-01-25T00:00:00Z",
    "end_datetime": "2022-02-01T23:59:59Z",
    "instruments": [
      "modis"
    ],
    "platform": "aqua",
    "created": "2022-02-04T12:06:01Z",
    "updated": "2022-02-04T06:17:56.444000Z",
    "modis:horizontal-tile": 22,
    "modis:vertical-tile": 8,
    "modis:tile-id": "51022008",
    "eo:cloud_cover": 40,
    "datetime": null
  },
  "geometry": {
    "type": "Polygon",
    "coordinates": [
      [
        [
          40.618823410993315,
          9.997956959302732
        ],
        [
          40.544245068488536,
          9.38129058088872
        ],
        [
          40.47461999060544,
          8.764624202474709
        ],
        [
          40.40990661013101,
          8.147957824060695
        ],
        [
          40.34967861210804,
          7.52712478092767
        ],
        [
          40.294353743246475,
          6.9062917377946444
        ],
        [
          40.24357665415221,
          6.281292029942605
        ],
        [
          40.19770447838325,
          5.656292322090566
        ],
        [
          40.156709561616054,
          5.031292614238527
        ],
        [
          40.120567253703385,
          4.406292906386488
        ],
        [
          40.08906329652499,
          3.777126533815436
        ],
        [
          40.06243578236613,
          3.1479601612443835
        ],
        [
          40.04066858400463,
          2.5187937886733307
        ],
        [
          40.02374853700553,
          1.8896274161022777
        ],
        [
          40.011665420264166,
          1.2604610435312251
        ],
        [
          40.00441194092494,
          0.6312946709601724
        ],
        [
          40.001983723634304,
          0.0021282983891197857
        ],
        [
          49.99781239144409,
          0.0021282983891197857
        ],
        [
          50.00084737974321,
          0.6312946709601724
        ],
        [
          50.00991338261181,
          1.2604610435312251
        ],
        [
          50.02501586873131,
          1.8896274161022777
        ],
        [
          50.0461639533203,
          2.5187937886733307
        ],
        [
          50.0733704115671,
          3.1479601612443835
        ],
        [
          50.10665169747939,
          3.777126533815436
        ],
        [
          50.146027968203256,
          4.406292906386488
        ],
        [
          50.19120163616172,
          5.031292614238527
        ],
        [
          50.24244049900637,
          5.656292322090566
        ],
        [
          50.29977536654518,
          6.281292029942605
        ],
        [
          50.363240803455966,
          6.9062917377946444
        ],
        [
          50.43239043446007,
          7.52712478092767
        ],
        [
          50.50766840483947,
          8.147957824060695
        ],
        [
          50.58855257994763,
          8.764624202474709
        ],
        [
          50.67557580374046,
          9.38129058088872
        ],
        [
          50.76879003038432,
          9.997956959302732
        ],
        [
          40.618823410993315,
          9.997956959302732
        ]
      ]
    ]
  },
  "links": [
    {
      "rel": "root",
      "href": "../collection.json",
      "type": "application/json",
      "title": "MODIS Gross Primary Productivity 8-Day"
    },
    {
      "rel": "collection",
      "href": "../collection.json",
      "type": "application/json",
      "title": "MODIS Gross Primary Productivity 8-Day"
    },
    {
      "rel": "parent",
      "href": "../collection.json",
      "type": "application/json",
      "title": "MODIS Gross Primary Productivity 8-Day"
    }
  ],
  "assets": {
    "hdf": {
      "href": "../../../../MYD17A2H.A2022025.h22v08.061.2022035120601.hdf",
      "type": "application/x-hdf",
      "title": "Source data containing all bands",
      "roles": [
        "data"
      ]
    },
    "metadata": {
      "href": "../../../../MYD17A2H.A2022025.h22v08.061.2022035120601.hdf.xml",
      "type": "application/xml",
      "title": "Federal Geographic Data Committee (FGDC) Metadata",
      "roles": [
        "metadata"
      ]
    }
  },
  "bbox": [
    40.001983723634304,
    0.0021282983891197857,
    50.76879003038432,
    9.997956959302732
  ],
  "stac_extensions": [
    "https://stac-extensions.github.io/eo/v1.0.0/schema.json"
  ],
  "collection": "modis-17A2H-061"
}