{
  "type": "Feature",
  "stac_version": "1.0.0",
  "id": "MCD43A4.A2022073.h28v08.006.2022082044758",
  "properties": {
    "start_datetime": "2022-03-06T00:00:00Z",
    "end_datetime": "2022-03-21T23:59:59.999999Z",
    "instruments": [
      "modis"
    ],
    "platform": "aqua,terra",
    "modis:horizontal-tile": 28,
    "modis:vertical-tile": 8,
    "modis:tile-id": "51028008",
    "proj:epsg": null,
    "proj:wkt2": "PROJCRS[\"unnamed\",BASEGEOGCRS[\"Unknown datum based upon the custom spheroid\",DATUM[\"Not_specified_based_on_custom_spheroid\",ELLIPSOID[\"Custom spheroid\",6371007.181,0,LENGTHUNIT[\"metre\",1,ID[\"EPSG\",9001]]]],PRIMEM[\"Greenwich\",0,ANGLEUNIT[\"degree\",0.0174532925199433,ID[\"EPSG\",9122]]]],CONVERSION[\"unnamed\",METHOD[\"Sinusoidal\"],PARAMETER[\"Longitude of natural origin\",0,ANGLEUNIT[\"degree\",0.0174532925199433],ID[\"EPSG\",8802]],PARAMETER[\"False easting\",0,LENGTHUNIT[\"metre\",1],ID[\"EPSG\",8806]],PARAMETER[\"False northing\",0,LENGTHUNIT[\"metre\",1],ID[\"EPSG\",8807]]],CS[Cartesian,2],AXIS[\"easting\",east,ORDER[1],LENGTHUNIT[\"metre\",1,ID[\"EPSG\",9001]]],AXIS[\"northing\",north,ORDER[2],LENGTHUNIT[\"metre\",1,ID[\"EPSG\",9001]]]]",
    "proj:geometry": {
      "type": "Polygon",
      "coordinates": [
        [
          [
            11675480.456500001,
            555511.9471169722
          ],
          [
            11675480.456500001,
            556438.572550028
          ],
          [
            11674553.831066946,
            556438.572550028
          ],
          [
            11674553.831066946,
            555511.9471169722
          ],
          [
            11675480.456500001,
            555511.9471169722
          ]
        ]
      ]
    },
    "proj:shape": [
      2,
      2
    ],
    "proj:transform": [
      463.31271652749973,
      0.0,
      11674553.831066946,
      0.0,
      -463.3127165279167,
      556438.572550028
    ],
    "eo:cloud_cover": 33,
    "datetime": "2022-03-14T00:00:00Z"
  },
  "geometry": {
    "type": "Polygon",
    "coordinates": [
      [
        [
          101.54400862117691,
          9.997956959302732
        ],
        [
          101.35756836470684,
          9.38129058088872
        ],
        [
          101.18351089786998,
          8.764624202474709
        ],
        [
          101.02173230575492,
          8.147957824060695
        ],
        [
          100.87116683297893,
          7.52712478092767
        ],
        [
          100.73285881494994,
          6.9062917377946444
        ],
        [
          100.60591990486445,
          6.281292029942605
        ],
        [
          100.49124290980173,
          5.656292322090566
        ],
        [
          100.38875869602941,
          5.031292614238527
        ],
        [
          100.29840564003025,
          4.406292906386488
        ],
        [
          100.21964811259144,
          3.777126533815436
        ],
        [
          100.15308132654869,
          3.1479601612443835
        ],
        [
          100.0986649650575,
          2.5187937886733307
        ],
        [
          100.05636611801896,
          1.8896274161022777
        ],
        [
          100.02615923343885,
          1.2604610435312251
        ],
        [
          100.00802607972577,
          0.6312946709601724
        ],
        [
          100.00195571882439,
          0.0021282983891197857
        ],
        [
          109.99778438663418,
          0.0021282983891197857
        ],
        [
          110.00446151854403,
          0.6312946709601724
        ],
        [
          110.0244071957865,
          1.2604610435312251
        ],
        [
          110.05763344974473,
          1.8896274161022777
        ],
        [
          110.10416033437318,
          2.5187937886733307
        ],
        [
          110.16401595574965,
          3.1479601612443835
        ],
        [
          110.23723651354584,
          3.777126533815436
        ],
        [
          110.32386635453013,
          4.406292906386488
        ],
        [
          110.42325077057507,
          5.031292614238527
        ],
        [
          110.53597893042486,
          5.656292322090566
        ],
        [
          110.6621186172574,
          6.281292029942605
        ],
        [
          110.80174587515943,
          6.9062917377946444
        ],
        [
          110.95387865533097,
          7.52712478092767
        ],
        [
          111.11949410046337,
          8.147957824060695
        ],
        [
          111.29744348721218,
          8.764624202474709
        ],
        [
          111.48889909995876,
          9.38129058088872
        ],
        [
          111.69397524056792,
          9.997956959302732
        ],
        [
          101.54400862117691,
          9.997956959302732
        ]
      ]
    ]
  },
  "links": [],
  "assets": {
    "Nadir_Reflectance_Band1": {
      "href": "../MCD43A4.A2022073.h28v08.006.2022082044758_B01_cropped.TIF",
      "type": "image/tiff; application=geotiff; profile=cloud-optimized",
      "title": "NBAR at local solar noon for Band 1",
      "raster:bands": [
        {
          "data_type": "int16",
          "spatial_resolution": 500,
          "scale": 0.0001
        }
      ],
      "eo:bands": [
        {
          "name": "Nadir_Reflectance_Band1",
          "common_name": "red",
          "center_wavelength": 0.645,
          "full_width_half_max": 0.5
        }
      ],
      "roles": [
        "data",
        "reflectance"
      ]
    }
  },
  "bbox": [
    100.00195571882439,
    0.0021282983891197857,
    111.69397524056792,
    9.997956959302732
  ],
  "stac_extensions": [
    "https://stac-extensions.github.io/projection/v1.0.0/schema.json",
    "https://stac-extensions.github.io/eo/v1.0.0/schema.json",
    "https://stac-extensions.github.io/raster/v1.1.0/schema.json"
  ]
}