{
  "type": "Feature",
  "stac_version": "1.0.0",
  "id": "MOD17A3HGF.A2020001.h09v04.006",
  "properties": {
    "Npp_500m_fill_value_class_32761": "Land cover assigned as \"unclassified\" or not able to determine",
    "Npp_500m_fill_value_class_32762": "Land cover assigned as urban/built-up",
    "Npp_500m_fill_value_class_32763": "Land cover assigned as \"permanent\" wetlands/inundated marshland",
    "Npp_500m_fill_value_class_32764": "Land cover assigned as perennial snow, ice",
    "Npp_500m_fill_value_class_32765": "Land cover assigned as barren, sparse vegetation (rock, tundra, desert)",
    "Npp_500m_fill_value_class_32766": "Land cover assigned as perennial salt or water bodies",
    "Npp_500m_fill_value_class_32767": "Fill",
    "Npp_500m_fill_value_class_249": "Land cover assigned as \"unclassified\" or not able to determine",
    "Npp_500m_fill_value_class_250": "Land cover assigned as urban/built-up",
    "Npp_500m_fill_value_class_251": "Land cover assigned as \"permanent\" wetlands/inundated marshland",
    "Npp_500m_fill_value_class_252": "Land cover assigned as perennial snow, ice",
    "Npp_500m_fill_value_class_253": "Land cover assigned as barren, sparse vegetation (rock, tundra, desert)",
    "Npp_500m_fill_value_class_254": "Land cover assigned as perennial salt or water bodies",
    "Npp_500m_fill_value_class_255": "Fill",
    "start_datetime": "2020-01-01T00:00:00Z",
    "end_datetime": "2020-12-31T23:59:59Z",
    "instruments": [
      "modis"
    ],
    "platform": "terra",
    "created": "2021-04-23T15:01:37Z",
    "updated": "2021-04-23T10:04:29.686000Z",
    "modis:horizontal-tile": 9,
    "modis:vertical-tile": 4,
    "modis:tile-id": "51009004",
    "eo:cloud_cover": 75,
    "datetime": null
  },
  "geometry": {
    "type": "Polygon",
    "coordinates": [
      [
        [
          -140.00596,
          49.997938
        ],
        [
          -138.393568,
          49.435439
        ],
        [
          -136.808143,
          48.864605
        ],
        [
          -135.249834,
          48.285439
        ],
        [
          -133.71876,
          47.697939
        ],
        [
          -132.215009,
          47.102106
        ],
        [
          -130.738647,
          46.49794
        ],
        [
          -129.289711,
          45.88544
        ],
        [
          -127.877606,
          45.268774
        ],
        [
          -127.179308,
          44.956274
        ],
        [
          -126.492336,
          44.643774
        ],
        [
          -125.807532,
          44.327108
        ],
        [
          -125.125114,
          44.006274
        ],
        [
          -124.453941,
          43.685441
        ],
        [
          -123.785288,
          43.360441
        ],
        [
          -123.127723,
          43.035442
        ],
        [
          -122.472806,
          42.706275
        ],
        [
          -121.828818,
          42.377108
        ],
        [
          -121.187598,
          42.043775
        ],
        [
          -120.557152,
          41.710442
        ],
        [
          -119.929588,
          41.372942
        ],
        [
          -119.312641,
          41.035442
        ],
        [
          -118.698684,
          40.693776
        ],
        [
          -118.087894,
          40.347943
        ],
        [
          -117.487617,
          40.00211
        ],
        [
          -104.438586,
          40.00211
        ],
        [
          -104.972192,
          40.347943
        ],
        [
          -105.515143,
          40.693776
        ],
        [
          -106.06091,
          41.035442
        ],
        [
          -106.609334,
          41.372942
        ],
        [
          -107.167197,
          41.710442
        ],
        [
          -107.727621,
          42.043775
        ],
        [
          -108.297622,
          42.377108
        ],
        [
          -108.870083,
          42.706275
        ],
        [
          -109.452261,
          43.035442
        ],
        [
          -110.036792,
          43.360441
        ],
        [
          -110.631179,
          43.685441
        ],
        [
          -111.227807,
          44.006274
        ],
        [
          -111.834431,
          44.327108
        ],
        [
          -112.443176,
          44.643774
        ],
        [
          -113.674588,
          45.268774
        ],
        [
          -114.929854,
          45.88544
        ],
        [
          -116.21786,
          46.49794
        ],
        [
          -117.530247,
          47.102106
        ],
        [
          -118.86698,
          47.697939
        ],
        [
          -120.228002,
          48.285439
        ],
        [
          -121.613234,
          48.864605
        ],
        [
          -123.02257,
          49.435439
        ],
        [
          -124.455878,
          49.997938
        ],
        [
          -140.00596,
          49.997938
        ]
      ]
    ]
  },
  "links": [
    {
      "rel": "root",
      "href": "../collection.json",
      "type": "application/json",
      "title": "MODIS/Terra Net Primary Production Gap-Filled Yearly L4 Global 500 m SIN Grid"
    },
    {
      "rel": "collection",
      "href": "../collection.json",
      "type": "application/json",
      "title": "MODIS/Terra Net Primary Production Gap-Filled Yearly L4 Global 500 m SIN Grid"
    },
    {
      "rel": "parent",
      "href": "../collection.json",
      "type": "application/json",
      "title": "MODIS/Terra Net Primary Production Gap-Filled Yearly L4 Global 500 m SIN Grid"
    }
  ],
  "assets": {
    "hdf": {
      "href": "../../../../MOD17A3HGF.A2020001.h09v04.006.2021113150137.hdf",
      "type": "application/x-hdf",
      "title": "Source data containing all bands",
      "roles": [
        "data"
      ]
    },
    "metadata": {
      "href": "../../../../MOD17A3HGF.A2020001.h09v04.006.2021113150137.hdf.xml",
      "type": "application/xml",
      "title": "Federal Geographic Data Committee (FGDC) Metadata",
      "roles": [
        "metadata"
      ]
    }
  },
  "bbox": [
    -140.00596,
    40.00211,
    -104.438586,
    49.997938
  ],
  "stac_extensions": [
    "https://stac-extensions.github.io/eo/v1.0.0/schema.json"
  ],
  "collection": "modis-17A3HGF-006"
}