{
  "type": "Feature",
  "stac_version": "1.0.0",
  "id": "MCD15A2H.A2022025.h01v11.061",
  "properties": {
    "start_datetime": "2022-01-25T00:00:00Z",
    "end_datetime": "2022-02-01T23:59:59Z",
    "instruments": [
      "modis"
    ],
    "platform": "terra,aqua",
    "created": "2022-02-04T06:27:02Z",
    "updated": "2022-02-04T00:36:19.295000Z",
    "modis:horizontal-tile": 1,
    "modis:vertical-tile": 11,
    "modis:tile-id": "51001011",
    "eo:cloud_cover": 0,
    "datetime": null
  },
  "geometry": {
    "type": "Polygon",
    "coordinates": [
      [
        [
          -180.0,
          -27.266667
        ],
        [
          -180.0,
          -20.0
        ],
        [
          -170.268444,
          -20.0
        ],
        [
          -170.780379,
          -20.466667
        ],
        [
          -171.316335,
          -20.941667
        ],
        [
          -171.852812,
          -21.404167
        ],
        [
          -172.40393,
          -21.866667
        ],
        [
          -172.9699,
          -22.329167
        ],
        [
          -173.550944,
          -22.791667
        ],
        [
          -174.742432,
          -23.704167
        ],
        [
          -175.977753,
          -24.604167
        ],
        [
          -177.268567,
          -25.5
        ],
        [
          -178.596668,
          -26.379167
        ],
        [
          -180.0,
          -27.266667
        ]
      ]
    ]
  },
  "links": [
    {
      "rel": "root",
      "href": "../collection.json",
      "type": "application/json",
      "title": "MODIS Leaf Area Index/FPAR 8-Day"
    },
    {
      "rel": "collection",
      "href": "../collection.json",
      "type": "application/json",
      "title": "MODIS Leaf Area Index/FPAR 8-Day"
    },
    {
      "rel": "parent",
      "href": "../collection.json",
      "type": "application/json",
      "title": "MODIS Leaf Area Index/FPAR 8-Day"
    }
  ],
  "assets": {
    "hdf": {
      "href": "../../../../MCD15A2H.A2022025.h01v11.061.2022035062702.hdf",
      "type": "application/x-hdf",
      "title": "Source data containing all bands",
      "roles": [
        "data"
      ]
    },
    "metadata": {
      "href": "../../../../MCD15A2H.A2022025.h01v11.061.2022035062702.hdf.xml",
      "type": "application/xml",
      "title": "Federal Geographic Data Committee (FGDC) Metadata",
      "roles": [
        "metadata"
      ]
    }
  },
  "bbox": [
    -180.0,
    -27.266667,
    -170.268444,
    -20.0
  ],
  "stac_extensions": [
    "https://stac-extensions.github.io/eo/v1.0.0/schema.json"
  ],
  "collection": "modis-15A2H-061"
}