{
  "type": "Feature",
  "stac_version": "1.0.0",
  "id": "MYD13Q1.A2022009.h09v06.061",
  "properties": {
    "start_datetime": "2022-01-09T00:00:00Z",
    "end_datetime": "2022-01-24T23:59:59Z",
    "instruments": [
      "modis"
    ],
    "platform": "aqua",
    "created": "2022-01-28T12:20:10Z",
    "updated": "2022-01-28T06:31:42.841000Z",
    "modis:horizontal-tile": 9,
    "modis:vertical-tile": 6,
    "modis:tile-id": "51009006",
    "eo:cloud_cover": 2,
    "datetime": null
  },
  "geometry": {
    "type": "Polygon",
    "coordinates": [
      [
        [
          -95.7583012079626,
          19.8938932482369
        ],
        [
          -103.923048441979,
          29.9999999973059
        ],
        [
          -92.0524964048955,
          30.0438375723808
        ],
        [
          -84.8251194107616,
          19.9358874145633
        ],
        [
          -95.7583012079626,
          19.8938932482369
        ]
      ]
    ]
  },
  "links": [
    {
      "rel": "root",
      "href": "../collection.json",
      "type": "application/json",
      "title": "MODIS Vegetation Indices 16-Day (250m)"
    },
    {
      "rel": "collection",
      "href": "../collection.json",
      "type": "application/json",
      "title": "MODIS Vegetation Indices 16-Day (250m)"
    },
    {
      "rel": "parent",
      "href": "../collection.json",
      "type": "application/json",
      "title": "MODIS Vegetation Indices 16-Day (250m)"
    }
  ],
  "assets": {
    "hdf": {
      "href": "../../../../MYD13Q1.A2022009.h09v06.061.2022028072010.hdf",
      "type": "application/x-hdf",
      "title": "Source data containing all bands",
      "roles": [
        "data"
      ]
    },
    "metadata": {
      "href": "../../../../MYD13Q1.A2022009.h09v06.061.2022028072010.hdf.xml",
      "type": "application/xml",
      "title": "Federal Geographic Data Committee (FGDC) Metadata",
      "roles": [
        "metadata"
      ]
    }
  },
  "bbox": [
    -103.923048441979,
    19.8938932482369,
    -84.8251194107616,
    30.0438375723808
  ],
  "stac_extensions": [
    "https://stac-extensions.github.io/eo/v1.0.0/schema.json"
  ],
  "collection": "modis-13Q1-061"
}