{
  "type": "Collection",
  "id": "modis-17A2H-006",
  "stac_version": "1.0.0",
  "description": "The MOD17A2H Version 6 Gross Primary Productivity (GPP) product is a cumulative 8-day composite of values with 500 meter (m) pixel size based on the radiation use efficiency concept that can be potentially used as inputs to data models to calculate terrestrial energy, carbon, water cycle processes, and biogeochemistry of vegetation. The data product includes information about GPP and Net Photosynthesis (PSN). The PSN band values are the GPP less the Maintenance Respiration (MR). The data product also contains a PSN Quality Control (QC) layer. The quality layer contains quality information for both the GPP and the PSN.",
  "links": [
    {
      "rel": "root",
      "href": "./collection.json",
      "type": "application/json",
      "title": "MODIS/Terra Gross Primary Productivity 8-Day L4 Global 500 m SIN"
    },
    {
      "rel": "help",
      "href": "https://lpdaac.usgs.gov/documents/495/MOD17_User_Guide_V6.pdf",
      "title": "MOD17 User Guide"
    },
    {
      "rel": "describedby",
      "href": "https://ladsweb.modaps.eosdis.nasa.gov/filespec/MODIS/6/MOD17A2H",
      "title": "MOD17A2H file specification"
    },
    {
      "rel": "item",
      "href": "./MOD17A2H.A2022017.h09v04.006/MOD17A2H.A2022017.h09v04.006.json",
      "type": "application/json"
    }
  ],
  "stac_extensions": [
    "https://stac-extensions.github.io/item-assets/v1.0.0/schema.json"
  ],
  "item_assets": {
    "hdf": {
      "type": "application/x-hdf",
      "roles": [
        "data"
      ],
      "title": "Source data containing all bands"
    },
    "metadata": {
      "type": "application/xml",
      "roles": [
        "metadata"
      ],
      "title": "Federal Geographic Data Committee (FGDC) Metadata"
    },
    "Gpp_500m": {
      "title": "Gross Primary Productivity",
      "roles": [
        "data"
      ],
      "type": "image/tiff; application=geotiff; profile=cloud-optimized"
    },
    "PsnNet_500m": {
      "title": "Net Photosynthesis",
      "roles": [
        "data"
      ],
      "type": "image/tiff; application=geotiff; profile=cloud-optimized"
    },
    "Psn_QC_500m": {
      "title": "Quality control indicators",
      "roles": [
        "data"
      ],
      "type": "image/tiff; application=geotiff; profile=cloud-optimized"
    }
  },
  "title": "MODIS/Terra Gross Primary Productivity 8-Day L4 Global 500 m SIN",
  "extent": {
    "spatial": {
      "bbox": [
        [
          -180.0,
          180.0,
          -90.0,
          90.0
        ]
      ]
    },
    "temporal": {
      "interval": [
        [
          "2000-02-18T00:00:00Z",
          null
        ]
      ]
    }
  },
  "license": "proprietary",
  "keywords": [],
  "providers": [
    {
      "name": "NASA LP DAAC at the USGS EROS Center",
      "roles": [
        "producer",
        "licensor"
      ],
      "url": "https://doi.org/10.5067/MODIS/MOD17A2H.006"
    }
  ],
  "summaries": {
    "instruments": [
      "modis"
    ],
    "platform": [
      "terra"
    ]
  }
}