{
  "type": "Collection",
  "id": "modis-MOD15A2H-061",
  "stac_version": "1.0.0",
  "description": "The MOD15A2H Version 6.1 Moderate Resolution Imaging Spectroradiometer (MODIS) combined Leaf Area Index (LAI) and Fraction of Photosynthetically Active Radiation (FPAR) product is an 8-day composite dataset with 500 meter (m) pixel size. The algorithm chooses the \u201cbest\u201d pixel available from all the acquisitions of the Terra sensor from within the 8-day period. LAI is defined as the one-sided green leaf area per unit ground area in broadleaf canopies and as one-half the total needle surface area per unit ground area in coniferous canopies. FPAR is defined as the fraction of incident photosynthetically active radiation, 400-700 nanometers (nm), absorbed by the green elements of a vegetation canopy. Science Datasets (SDSs) in the Level 4 (L4) MOD15A2H product include LAI, FPAR, two quality layers, and standard deviation for LAI and FPAR. Two low resolution browse images, LAI and FPAR, are also available for each MOD15A2H granule.",
  "links": [
    {
      "rel": "root",
      "href": "./collection.json",
      "type": "application/json",
      "title": "MODIS/Terra Leaf Area Index/FPAR 8-Day L4 Global 500 m SIN Grid"
    },
    {
      "rel": "help",
      "href": "https://lpdaac.usgs.gov/documents/926/MOD15_User_Guide_V61.pdf",
      "title": "User Guide"
    },
    {
      "rel": "describedby",
      "href": "https://ladsweb.modaps.eosdis.nasa.gov/filespec/MODIS/61/MOD15A2H",
      "title": "Data File"
    },
    {
      "rel": "cite-as",
      "href": "https://doi.org/10.5067/MODIS/MOD15A2H.061"
    },
    {
      "rel": "item",
      "href": "./MOD15A2H.A2022033.h13v10.061.2022042045937/MOD15A2H.A2022033.h13v10.061.2022042045937.json",
      "type": "application/json"
    }
  ],
  "stac_extensions": [
    "https://stac-extensions.github.io/item-assets/v1.0.0/schema.json",
    "https://stac-extensions.github.io/scientific/v1.0.0/schema.json"
  ],
  "item_assets": {
    "hdf": {
      "type": "application/x-hdf",
      "roles": [
        "data"
      ],
      "title": "hdf data",
      "eo:bands": [
        {
          "name": "Fpar_500m",
          "description": "Fraction of Photosynthetically Active Radiation"
        },
        {
          "name": "Lai_500m",
          "description": "Leaf Area Index"
        },
        {
          "name": "FparLai_QC",
          "description": "Quality for LAI and FPAR"
        },
        {
          "name": "FparExtra_QC",
          "description": "Extra detail Quality for LAI and FPAR"
        },
        {
          "name": "FparStdDev_500m",
          "description": "Standard deviation of FPAR"
        },
        {
          "name": "LaiStdDev_500m",
          "description": "Standard deviation of LAI"
        }
      ]
    },
    "metadata": {
      "type": "application/xml",
      "roles": [
        "metadata"
      ],
      "title": "FGDC Metdata"
    }
  },
  "sci:doi": "10.5067/MODIS/MOD15A2H.061",
  "title": "MODIS/Terra Leaf Area Index/FPAR 8-Day L4 Global 500 m SIN Grid",
  "extent": {
    "spatial": {
      "bbox": [
        [
          -180,
          -90,
          180,
          90
        ]
      ]
    },
    "temporal": {
      "interval": [
        [
          "2000-02-18T00:00:00Z",
          null
        ]
      ]
    }
  },
  "license": "proprietary",
  "keywords": [
    "NASA",
    "MODIS",
    "Satellite",
    "Remote Sensing",
    "Imagery",
    "Global",
    "Forest"
  ],
  "providers": [
    {
      "name": "NASA LP DAAC at the USGS EROS Center",
      "roles": [
        "producer",
        "licensor"
      ],
      "url": "https://doi.org/10.5067/MODIS/MOD15A2H.061"
    }
  ],
  "summaries": {
    "instruments": [
      "modis"
    ],
    "platform": [
      "terra"
    ]
  }
}