{
  "type": "Feature",
  "stac_version": "1.0.0",
  "id": "MYD11A2.A2022025.h17v00.061.2022035054130",
  "properties": {
    "instruments": [
      "modis"
    ],
    "platform": "aqua",
    "start_datetime": "2022-01-25T00:00:00Z",
    "end_datetime": "2022-02-01T23:59:59Z",
    "created": "2022-02-04T05:41:30Z",
    "updated": "2022-02-03T23:51:17.900000Z",
    "datetime": "2022-01-28T23:59:59.500000Z"
  },
  "geometry": {
    "type": "Polygon",
    "coordinates": [
      [
        [
          -180.0,
          86.8125
        ],
        [
          -28.7051847983938,
          89.9875
        ],
        [
          -0.0240598906199323,
          80.0041666666667
        ],
        [
          -57.6592118054308,
          80.0041666666667
        ],
        [
          -180.0,
          86.8125
        ]
      ]
    ]
  },
  "links": [
    {
      "rel": "root",
      "href": "../collection.json",
      "type": "application/json",
      "title": "MODIS/Aqua Land Surface Temperature/Emissivity 8-Day L3 Global 1 km SIN Grid"
    },
    {
      "rel": "collection",
      "href": "../collection.json",
      "type": "application/json",
      "title": "MODIS/Aqua Land Surface Temperature/Emissivity 8-Day L3 Global 1 km SIN Grid"
    },
    {
      "rel": "parent",
      "href": "../collection.json",
      "type": "application/json",
      "title": "MODIS/Aqua Land Surface Temperature/Emissivity 8-Day L3 Global 1 km SIN Grid"
    }
  ],
  "assets": {
    "hdf": {
      "href": "../../../../MYD11A2.A2022025.h17v00.061.2022035054130.hdf",
      "type": "application/x-hdf",
      "title": "hdf data",
      "eo:bands": [
        {
          "name": "LST_Day_1km",
          "description": "8-day daytime 1km grid Landsurface Temperature"
        },
        {
          "name": "QC_Day",
          "description": "Quality control for daytime LST and emissivity"
        },
        {
          "name": "Day_view_time",
          "description": "Average time of daytime Landsurface Temperature observation"
        },
        {
          "name": "Day_view_angl",
          "description": "Average view zenith angle of daytime Land-surface Temperature"
        },
        {
          "name": "LST_Night_1km",
          "description": "8-day nighttime 1km grid Landsurface Temperature"
        },
        {
          "name": "QC_Night",
          "description": "Quality control for nighttime LST and emissivity"
        },
        {
          "name": "Night_view_time",
          "description": "Average view zenith angle of nighttime Land-surface Temperature"
        },
        {
          "name": "Night_view_angl",
          "description": "View zenith angle of nighttime Land-surface Temperature "
        },
        {
          "name": "Emis_31",
          "description": "Band 31 emissivity"
        },
        {
          "name": "Emis_32",
          "description": "Band 32 emissivity"
        },
        {
          "name": "Clear_sky_days",
          "description": "the days in clear-sky conditions and with validate LSTs"
        },
        {
          "name": "Clear_sky_nights",
          "description": "the nights in clear-sky conditions and with validate LSTs"
        }
      ],
      "raster:bands": [
        {
          "data_type": "uint16",
          "unit": "Kelvin",
          "scale": 0.02
        },
        {
          "data_type": "uint8"
        },
        {
          "data_type": "uint8",
          "unit": "Hours",
          "scale": 0.1
        },
        {
          "data_type": "uint8",
          "unit": "Degree"
        },
        {
          "data_type": "uint16",
          "unit": "Kelvin",
          "scale": 0.02
        },
        {
          "data_type": "uint8"
        },
        {
          "data_type": "uint8",
          "unit": "Hours",
          "scale": 0.1
        },
        {
          "data_type": "uint8",
          "unit": "Degree"
        },
        {
          "data_type": "uint8",
          "scale": 0.002
        },
        {
          "data_type": "uint8",
          "scale": 0.002
        },
        {
          "data_type": "uint8"
        },
        {
          "data_type": "uint8"
        }
      ],
      "roles": [
        "data"
      ]
    },
    "metadata": {
      "href": "../../../../MYD11A2.A2022025.h17v00.061.2022035054130.hdf.xml",
      "type": "application/xml",
      "title": "FGDC Metdata",
      "roles": [
        "metadata"
      ]
    }
  },
  "bbox": [
    -180.0,
    80.0041666666667,
    -0.0240598906199323,
    89.9875
  ],
  "stac_extensions": [
    "https://stac-extensions.github.io/eo/v1.0.0/schema.json",
    "https://stac-extensions.github.io/raster/v1.0.0/schema.json"
  ],
  "collection": "modis-MYD11A2-061"
}