{
  "type": "Feature",
  "stac_version": "1.0.0",
  "id": "MOD15A2H.A2022033.h13v10.061",
  "properties": {
    "start_datetime": "2022-02-02T00:00:00Z",
    "end_datetime": "2022-02-09T23:59:59Z",
    "instruments": [
      "modis"
    ],
    "platform": "terra",
    "created": "2022-02-11T04:59:37Z",
    "updated": "2022-02-10T23:09:54.486000Z",
    "modis:horizontal-tile": 13,
    "modis:vertical-tile": 10,
    "modis:tile-id": "51013010",
    "eo:cloud_cover": 29,
    "datetime": null
  },
  "geometry": {
    "type": "Polygon",
    "coordinates": [
      [
        [
          -53.2088886184102,
          -19.9999999982039
        ],
        [
          -50.7777675375185,
          -9.95361312745358
        ],
        [
          -40.4553463288051,
          -9.96641014326156
        ],
        [
          -42.3882474320174,
          -20.0123903442669
        ],
        [
          -53.2088886184102,
          -19.9999999982039
        ]
      ]
    ]
  },
  "links": [
    {
      "rel": "root",
      "href": "../collection.json",
      "type": "application/json",
      "title": "MODIS Leaf Area Index/FPAR 8-Day"
    },
    {
      "rel": "collection",
      "href": "../collection.json",
      "type": "application/json",
      "title": "MODIS Leaf Area Index/FPAR 8-Day"
    },
    {
      "rel": "parent",
      "href": "../collection.json",
      "type": "application/json",
      "title": "MODIS Leaf Area Index/FPAR 8-Day"
    }
  ],
  "assets": {
    "hdf": {
      "href": "../../../../MOD15A2H.A2022033.h13v10.061.2022042045937.hdf",
      "type": "application/x-hdf",
      "title": "Source data containing all bands",
      "roles": [
        "data"
      ]
    },
    "metadata": {
      "href": "../../../../MOD15A2H.A2022033.h13v10.061.2022042045937.hdf.xml",
      "type": "application/xml",
      "title": "Federal Geographic Data Committee (FGDC) Metadata",
      "roles": [
        "metadata"
      ]
    }
  },
  "bbox": [
    -53.2088886184102,
    -20.0123903442669,
    -40.4553463288051,
    -9.95361312745358
  ],
  "stac_extensions": [
    "https://stac-extensions.github.io/eo/v1.0.0/schema.json"
  ],
  "collection": "modis-15A2H-061"
}