{
  "type": "Feature",
  "stac_version": "1.0.0",
  "id": "MYD15A2H.A2022025.h22v08.061.2022035072026",
  "properties": {
    "instruments": [
      "modis"
    ],
    "platform": "aqua",
    "start_datetime": "2022-01-25T00:00:00Z",
    "end_datetime": "2022-02-01T23:59:59Z",
    "created": "2022-02-04T07:20:26Z",
    "updated": "2022-02-04T01:26:04.137000Z",
    "datetime": "2022-01-28T23:59:59.500000Z"
  },
  "geometry": {
    "type": "Polygon",
    "coordinates": [
      [
        [
          39.8503980445014,
          6.59891525935623e-05
        ],
        [
          40.4600826457784,
          10.0038388277022
        ],
        [
          50.7804337536263,
          9.99985600972855
        ],
        [
          50.0128817639264,
          -0.0043942224508535
        ],
        [
          39.8503980445014,
          6.59891525935623e-05
        ]
      ]
    ]
  },
  "links": [
    {
      "rel": "root",
      "href": "../collection.json",
      "type": "application/json",
      "title": "MODIS/Aqua Leaf Area Index/FPAR 8-Day L4 Global 500 m SIN Grid"
    },
    {
      "rel": "collection",
      "href": "../collection.json",
      "type": "application/json",
      "title": "MODIS/Aqua Leaf Area Index/FPAR 8-Day L4 Global 500 m SIN Grid"
    },
    {
      "rel": "parent",
      "href": "../collection.json",
      "type": "application/json",
      "title": "MODIS/Aqua Leaf Area Index/FPAR 8-Day L4 Global 500 m SIN Grid"
    }
  ],
  "assets": {
    "hdf": {
      "href": "../../../../MYD15A2H.A2022025.h22v08.061.2022035072026.hdf",
      "type": "application/x-hdf",
      "title": "hdf data",
      "eo:bands": [
        {
          "name": "Fpar_500m",
          "description": "Fraction of Photosynthetically Active Radiation"
        },
        {
          "name": "Lai_500m",
          "description": "Leaf Area Index"
        },
        {
          "name": "FparLai_QC",
          "description": "Quality for LAI and FPAR"
        },
        {
          "name": "FparExtra_QC",
          "description": "Extra detail Quality for LAI and FPAR"
        },
        {
          "name": "FparStdDev_500m",
          "description": "Standard deviation of FPAR"
        },
        {
          "name": "LaiStdDev_500m",
          "description": "Standard deviation of LAI"
        }
      ],
      "raster:bands": [
        {
          "data_type": "uint8",
          "unit": "Percent",
          "scale": 0.01
        },
        {
          "data_type": "uint8",
          "unit": "m\u00b2/m\u00b2",
          "scale": 0.1
        },
        {
          "data_type": "uint8",
          "unit": "Class Flag"
        },
        {
          "data_type": "uint8",
          "unit": "Class Flag"
        },
        {
          "data_type": "uint8",
          "unit": "Percent",
          "scale": 0.01
        },
        {
          "data_type": "uint8",
          "unit": "m\u00b2/m\u00b2",
          "scale": 0.1
        }
      ],
      "roles": [
        "data"
      ]
    },
    "metadata": {
      "href": "../../../../MYD15A2H.A2022025.h22v08.061.2022035072026.hdf.xml",
      "type": "application/xml",
      "title": "FGDC Metdata",
      "roles": [
        "metadata"
      ]
    }
  },
  "bbox": [
    39.8503980445014,
    -0.0043942224508535,
    50.7804337536263,
    10.0038388277022
  ],
  "stac_extensions": [
    "https://stac-extensions.github.io/eo/v1.0.0/schema.json",
    "https://stac-extensions.github.io/raster/v1.0.0/schema.json"
  ],
  "collection": "modis-MYD15A2H-061"
}