{
  "type": "Feature",
  "stac_version": "1.0.0",
  "id": "MOD14A2.A2022017.h10v05.006",
  "properties": {
    "FireMask_Class_0": "Not processed (missing input data)",
    "FireMask_Class_1": "Not processed (obsolete; not used since Collection 1)",
    "FireMask_Class_2": "Not processed (other reason)",
    "FireMask_Class_3": "Non-fire water pixel",
    "FireMask_Class_4": "Cloud (land or water)",
    "FireMask_Class_5": "Non-fire land pixel",
    "FireMask_Class_6": "Unknown (land or water)",
    "FireMask_Class_7": "Fire (low confidence, land or water)",
    "FireMask_Class_8": "Fire (nominal confidence, land or water)",
    "FireMask_Class_9": "Fire (high confidence, land or water)",
    "QA_bit_0_1_land_water_state_0": "Water",
    "QA_bit_0_1_land_water_state_1": "Coast",
    "QA_bit_0_1_land_water_state_2": "Land",
    "QA_bit_0_1_land_water_state_3": "Missing data",
    "QA_bit_2_night_day_0": "Night",
    "QA_bit_2_night_day_1": "Day",
    "start_datetime": "2022-01-17T00:00:00Z",
    "end_datetime": "2022-01-24T23:59:59Z",
    "instruments": [
      "modis"
    ],
    "platform": "terra",
    "created": "2022-01-26T20:56:45Z",
    "updated": "2022-01-26T23:32:05.772000Z",
    "modis:horizontal-tile": 10,
    "modis:vertical-tile": 5,
    "modis:tile-id": "51010005",
    "datetime": null
  },
  "geometry": {
    "type": "Polygon",
    "coordinates": [
      [
        [
          -104.42086937063252,
          39.995859603841105
        ],
        [
          -103.55420693006718,
          39.42085987261723
        ],
        [
          -102.70004311449516,
          38.83752681195532
        ],
        [
          -101.85864827101663,
          38.24586042185539
        ],
        [
          -101.04161519205486,
          37.654194031755466
        ],
        [
          -100.23718018362493,
          37.054194312217504
        ],
        [
          -99.44558955396205,
          36.44586126324152
        ],
        [
          -98.66707703212077,
          35.82919488482751
        ],
        [
          -97.90186455261478,
          35.20419517697547
        ],
        [
          -97.15990201430674,
          34.57919546912343
        ],
        [
          -96.43104726943636,
          33.94586243183336
        ],
        [
          -95.715507302789,
          33.30419606510527
        ],
        [
          -95.01348005843487,
          32.654196368939154
        ],
        [
          -94.33372819014804,
          32.00419667277303
        ],
        [
          -93.66730403974576,
          31.34586364716888
        ],
        [
          -93.01439690226266,
          30.67919729212671
        ],
        [
          -92.37518962294948,
          30.0041976076465
        ],
        [
          -80.83732407844494,
          30.0041976076465
        ],
        [
          -81.3966929544608,
          30.67919729212671
        ],
        [
          -81.9680505460531,
          31.34586364716888
        ],
        [
          -82.55123684574745,
          32.00419667277303
        ],
        [
          -83.14608620187781,
          32.654196368939154
        ],
        [
          -83.7604286903251,
          33.30419606510527
        ],
        [
          -84.38659613215714,
          33.94586243183336
        ],
        [
          -85.02441530695602,
          34.57919546912343
        ],
        [
          -85.67370508279397,
          35.20419517697547
        ],
        [
          -86.34334083073865,
          35.82919488482751
        ],
        [
          -87.02461541630741,
          36.44586126324152
        ],
        [
          -87.71733462509832,
          37.054194312217504
        ],
        [
          -88.42129392133278,
          37.654194031755466
        ],
        [
          -89.13627776121909,
          38.24586042185539
        ],
        [
          -89.87258052733876,
          38.83752681195532
        ],
        [
          -90.62005739268876,
          39.42085987261723
        ],
        [
          -91.37847177711988,
          39.995859603841105
        ],
        [
          -104.42086937063252,
          39.995859603841105
        ]
      ]
    ]
  },
  "links": [
    {
      "rel": "root",
      "href": "../collection.json",
      "type": "application/json",
      "title": "MODIS/Terra Thermal Anomalies/Fire 8-Day L3 Global 1 km SIN Grid"
    },
    {
      "rel": "collection",
      "href": "../collection.json",
      "type": "application/json",
      "title": "MODIS/Terra Thermal Anomalies/Fire 8-Day L3 Global 1 km SIN Grid"
    },
    {
      "rel": "parent",
      "href": "../collection.json",
      "type": "application/json",
      "title": "MODIS/Terra Thermal Anomalies/Fire 8-Day L3 Global 1 km SIN Grid"
    }
  ],
  "assets": {
    "hdf": {
      "href": "../../../../MOD14A2.A2022017.h10v05.006.2022026155645.hdf",
      "type": "application/x-hdf",
      "title": "Source data containing all bands",
      "roles": [
        "data"
      ]
    },
    "metadata": {
      "href": "../../../../MOD14A2.A2022017.h10v05.006.2022026155645.hdf.xml",
      "type": "application/xml",
      "title": "Federal Geographic Data Committee (FGDC) Metadata",
      "roles": [
        "metadata"
      ]
    }
  },
  "bbox": [
    -104.42086937063252,
    30.0041976076465,
    -80.83732407844494,
    39.995859603841105
  ],
  "stac_extensions": [],
  "collection": "modis-14A2-006"
}