{
  "type": "Collection",
  "id": "modis-14A2-006",
  "stac_version": "1.0.0",
  "description": "The Terra Moderate Resolution Imaging Spectroradiometer (MODIS) Thermal Anomalies and Fire 8-Day (MOD14A2) Version 6 data are generated at 1 kilometer (km) spatial resolultion as a Level 3 product. The MOD14A2 gridded composite contains the maximum value of the individual fire pixel classes detected during the eight days of acquisition. The Science Dataset (SDS) layers include the fire mask and pixel quality indicators.",
  "links": [
    {
      "rel": "root",
      "href": "./collection.json",
      "type": "application/json",
      "title": "MODIS/Terra Thermal Anomalies/Fire 8-Day L3 Global 1 km SIN Grid"
    },
    {
      "rel": "help",
      "href": "https://lpdaac.usgs.gov/documents/876/MOD14_User_Guide_v6.pdf",
      "title": "MOD14 User Guide"
    },
    {
      "rel": "describedby",
      "href": "https://ladsweb.modaps.eosdis.nasa.gov/filespec/MODIS/6/MOD14A2",
      "title": "MOD14A2 file specification"
    },
    {
      "rel": "cite-as",
      "href": "https://doi.org/10.5067/MODIS/MOD14A2.006"
    },
    {
      "rel": "item",
      "href": "./MOD14A2.A2022017.h10v05.006.2022026155645/MOD14A2.A2022017.h10v05.006.2022026155645.json",
      "type": "application/json"
    }
  ],
  "stac_extensions": [
    "https://stac-extensions.github.io/item-assets/v1.0.0/schema.json",
    "https://stac-extensions.github.io/scientific/v1.0.0/schema.json"
  ],
  "item_assets": {
    "hdf": {
      "type": "application/x-hdf",
      "roles": [
        "data"
      ],
      "title": "Source data containing all bands"
    },
    "metadata": {
      "type": "application/xml",
      "roles": [
        "metadata"
      ],
      "title": "Federal Geographic Data Committee (FGDC) Metadata"
    }
  },
  "sci:doi": "10.5067/MODIS/MOD14A2.006",
  "title": "MODIS/Terra Thermal Anomalies/Fire 8-Day L3 Global 1 km SIN Grid",
  "extent": {
    "spatial": {
      "bbox": [
        [
          -180.0,
          180.0,
          -90.0,
          90.0
        ]
      ]
    },
    "temporal": {
      "interval": [
        [
          "2000-02-18T00:00:00Z",
          null
        ]
      ]
    }
  },
  "license": "proprietary",
  "keywords": [],
  "providers": [
    {
      "name": "NASA LP DAAC at the USGS EROS Center",
      "roles": [
        "producer",
        "licensor"
      ],
      "url": "https://doi.org/10.5067/MODIS/MOD14A2.006"
    }
  ],
  "summaries": {
    "instruments": [
      "modis"
    ],
    "platform": [
      "terra"
    ]
  }
}