{
  "type": "Collection",
  "id": "modis-13Q1-061",
  "stac_version": "1.0.0",
  "description": "The Moderate Resolution Imaging Spectroradiometer (MODIS) Vegetation Indices Version 6.1 data are generated every 16 days at 250 meter (m) spatial resolution as a Level 3 product. The MOD13Q1 product provides two primary vegetation layers. The first is the Normalized Difference Vegetation Index (NDVI) which is referred to as the continuity index to the existing National Oceanic and Atmospheric Administration-Advanced Very High Resolution Radiometer (NOAA-AVHRR) derived NDVI. The second vegetation layer is the Enhanced Vegetation Index (EVI), which has improved sensitivity over high biomass regions. The algorithm chooses the best available pixel value from all the acquisitions from the 16 day period. The criteria used is low clouds, low view angle, and the highest NDVI/EVI value. Along with the vegetation layers and the two quality layers, the HDF file will have MODIS reflectance bands 1 (red), 2 (near-infrared), 3 (blue), and 7 (mid-infrared), as well as four observation layers.",
  "links": [
    {
      "rel": "root",
      "href": "./collection.json",
      "type": "application/json",
      "title": "MODIS Vegetation Indices 16-Day (250m)"
    },
    {
      "rel": "help",
      "href": "https://lpdaac.usgs.gov/documents/621/MOD13_User_Guide_V61.pdf",
      "title": "MOD13 User Guide"
    },
    {
      "rel": "describedby",
      "href": "https://ladsweb.modaps.eosdis.nasa.gov/filespec/MODIS/61/MOD13Q1",
      "title": "MOD13Q1 file specification"
    },
    {
      "rel": "describedby",
      "href": "https://ladsweb.modaps.eosdis.nasa.gov/filespec/MODIS/61/MYD13Q1",
      "title": "MYD13Q1 file specification"
    },
    {
      "rel": "cite-as",
      "href": "https://doi.org/10.5067/MODIS/MOD13Q1.061",
      "title": "LP DAAC - MOD13Q1"
    },
    {
      "rel": "cite-as",
      "href": "https://doi.org/10.5067/MODIS/MYD13Q1.061",
      "title": "LP DAAC - MYD13Q1"
    },
    {
      "rel": "license",
      "href": "https://lpdaac.usgs.gov/data/data-citation-and-policies/",
      "title": "LP DAAC - Data Citation and Policies"
    },
    {
      "rel": "item",
      "href": "./MOD13Q1.A2022017.h12v11.061.2022034232400/MOD13Q1.A2022017.h12v11.061.2022034232400.json",
      "type": "application/json"
    }
  ],
  "stac_extensions": [
    "https://stac-extensions.github.io/classification/v1.0.0/schema.json",
    "https://stac-extensions.github.io/raster/v1.0.0/schema.json",
    "https://stac-extensions.github.io/item-assets/v1.0.0/schema.json",
    "https://stac-extensions.github.io/scientific/v1.0.0/schema.json"
  ],
  "item_assets": {
    "hdf": {
      "type": "application/x-hdf",
      "roles": [
        "data"
      ],
      "title": "Source data containing all bands"
    },
    "metadata": {
      "type": "application/xml",
      "roles": [
        "metadata"
      ],
      "title": "Federal Geographic Data Committee (FGDC) Metadata"
    },
    "250m_16_days_NDVI": {
      "raster:bands": [
        {
          "data_type": "int16",
          "unit": "NDVI",
          "scale": 0.0001,
          "spatial_resolution": 250
        }
      ],
      "title": "16 day NDVI",
      "roles": [
        "data"
      ],
      "type": "image/tiff; application=geotiff; profile=cloud-optimized"
    },
    "250m_16_days_EVI": {
      "raster:bands": [
        {
          "data_type": "int16",
          "unit": "EVI",
          "scale": 0.0001,
          "spatial_resolution": 250
        }
      ],
      "title": "16 day EVI",
      "roles": [
        "data"
      ],
      "type": "image/tiff; application=geotiff; profile=cloud-optimized"
    },
    "250m_16_days_VI_Quality": {
      "raster:bands": [
        {
          "data_type": "uint16",
          "spatial_resolution": 250
        }
      ],
      "title": "VI quality indicators",
      "roles": [
        "data"
      ],
      "type": "image/tiff; application=geotiff; profile=cloud-optimized"
    },
    "250m_16_days_red_reflectance": {
      "raster:bands": [
        {
          "data_type": "int16",
          "scale": 0.0001,
          "spatial_resolution": 250
        }
      ],
      "title": "Surface Reflectance Band 1",
      "roles": [
        "data"
      ],
      "type": "image/tiff; application=geotiff; profile=cloud-optimized"
    },
    "250m_16_days_NIR_reflectance": {
      "raster:bands": [
        {
          "data_type": "int16",
          "scale": 0.0001,
          "spatial_resolution": 250
        }
      ],
      "title": "Surface Reflectance Band 2",
      "roles": [
        "data"
      ],
      "type": "image/tiff; application=geotiff; profile=cloud-optimized"
    },
    "250m_16_days_blue_reflectance": {
      "raster:bands": [
        {
          "data_type": "int16",
          "scale": 0.0001,
          "spatial_resolution": 250
        }
      ],
      "title": "Surface Reflectance Band 3",
      "roles": [
        "data"
      ],
      "type": "image/tiff; application=geotiff; profile=cloud-optimized"
    },
    "250m_16_days_MIR_reflectance": {
      "raster:bands": [
        {
          "data_type": "int16",
          "scale": 0.0001,
          "spatial_resolution": 250
        }
      ],
      "title": "Surface Reflectance Band 7",
      "roles": [
        "data"
      ],
      "type": "image/tiff; application=geotiff; profile=cloud-optimized"
    },
    "250m_16_days_view_zenith_angle": {
      "raster:bands": [
        {
          "data_type": "int16",
          "unit": "Degree",
          "scale": 0.01,
          "spatial_resolution": 250
        }
      ],
      "title": "View zenith angle of VI Pixel",
      "roles": [
        "data"
      ],
      "type": "image/tiff; application=geotiff; profile=cloud-optimized"
    },
    "250m_16_days_sun_zenith_angle": {
      "raster:bands": [
        {
          "data_type": "int16",
          "unit": "Degree",
          "scale": 0.01,
          "spatial_resolution": 250
        }
      ],
      "title": "Sun zenith angle of VI pixel",
      "roles": [
        "data"
      ],
      "type": "image/tiff; application=geotiff; profile=cloud-optimized"
    },
    "250m_16_days_relative_azimuth_angle": {
      "raster:bands": [
        {
          "data_type": "int16",
          "unit": "Degree",
          "scale": 0.01,
          "spatial_resolution": 250
        }
      ],
      "title": "Relative azimuth angle of VI pixel",
      "roles": [
        "data"
      ],
      "type": "image/tiff; application=geotiff; profile=cloud-optimized"
    },
    "250m_16_days_composite_day_of_the_year": {
      "raster:bands": [
        {
          "data_type": "int16",
          "unit": "Julian Day",
          "spatial_resolution": 250
        }
      ],
      "title": "Day of year VI pixel",
      "roles": [
        "data"
      ],
      "type": "image/tiff; application=geotiff; profile=cloud-optimized"
    },
    "250m_16_days_pixel_reliability": {
      "raster:bands": [
        {
          "data_type": "int8",
          "unit": "Rank",
          "spatial_resolution": 250
        }
      ],
      "file:values": [
        {
          "values": [
            0
          ],
          "summary": "Good data, use with confidence"
        },
        {
          "values": [
            1
          ],
          "summary": "Marginal data, useful, but look at other QA information"
        },
        {
          "values": [
            2
          ],
          "summary": "Snow/Ice Target covered with snow/ice"
        },
        {
          "values": [
            3
          ],
          "summary": "Cloudy data"
        }
      ],
      "classification:classes": [
        {
          "value": 0,
          "description": "Good data, use with confidence"
        },
        {
          "value": 1,
          "description": "Marginal data, useful, but look at other QA information"
        },
        {
          "value": 2,
          "description": "Snow/Ice Target covered with snow/ice"
        },
        {
          "value": 3,
          "description": "Cloudy data"
        }
      ],
      "title": "Quality reliability of VI pixel",
      "roles": [
        "data"
      ],
      "type": "image/tiff; application=geotiff; profile=cloud-optimized"
    }
  },
  "sci:publications": [
    {
      "doi": "10.5067/MODIS/MOD13Q1.061",
      "citation": "Didan, K. (2021). <i>MODIS/Terra Vegetation Indices 16-Day L3 Global 250m SIN Grid V061</i> [Data set]. NASA EOSDIS Land Processes DAAC. https://doi.org/10.5067/MODIS/MOD13Q1.061"
    },
    {
      "doi": "10.5067/MODIS/MYD13Q1.061",
      "citation": "Didan, K. (2021). <i>MODIS/Aqua Vegetation Indices 16-Day L3 Global 250m SIN Grid V061</i> [Data set]. NASA EOSDIS Land Processes DAAC. https://doi.org/10.5067/MODIS/MYD13Q1.061"
    }
  ],
  "title": "MODIS Vegetation Indices 16-Day (250m)",
  "extent": {
    "spatial": {
      "bbox": [
        [
          -180,
          -90,
          180,
          90
        ]
      ]
    },
    "temporal": {
      "interval": [
        [
          "2000-02-18T00:00:00Z",
          null
        ]
      ]
    }
  },
  "license": "proprietary",
  "keywords": [
    "NASA",
    "MODIS",
    "Satellite",
    "Remote Sensing",
    "Imagery",
    "Global",
    "Reflectance",
    "MOD13Q1",
    "MYD13Q1"
  ],
  "providers": [
    {
      "name": "NASA LP DAAC at the USGS EROS Center",
      "roles": [
        "producer",
        "licensor",
        "processor",
        "host"
      ],
      "url": "https://lpdaac.usgs.gov/"
    }
  ],
  "summaries": {
    "instruments": [
      "modis"
    ],
    "platform": [
      "terra"
    ]
  }
}