{
  "type": "Feature",
  "stac_version": "1.0.0",
  "id": "MOD17A2HGF.A2021337.h09v05.006",
  "properties": {
    "Non-Terrestrial_fill_value_class_32761": "Land cover assigned as 'unclassified' or not able to determine",
    "Non-Terrestrial_fill_value_class_32762": "Land cover assigned as urban/built-up",
    "Non-Terrestrial_fill_value_class_32763": "Land cover assigned as 'permanent' wetlands/inundated marshland",
    "Non-Terrestrial_fill_value_class_32764": "Land cover assigned as perennial snow, ice",
    "Non-Terrestrial_fill_value_class_32765": "Land cover assigned as barren, sparse vegetation (rock, tundra, desert)",
    "Non-Terrestrial_fill_value_class_32766": "Land cover assigned as perennial salt or water bodies",
    "Non-Terrestrial_fill_value_class_32767": "Fill",
    "MODLAND_QC_bits_0": "Good Quality - main algorithm with or without saturation",
    "MODLAND_QC_bits_1": "Other Quality - back-up algorithm or fill values",
    "SENSOR_0": "Terra",
    "SENSOR_1": "Aqua",
    "DEADDETECTOR_0": "Detectors apparently fine for up to 50% of channels 1,2",
    "DEADDETECTOR_1": "Dead detectors caused >50% adjacent detector retrieval",
    "CLOUDSTATE_00": "0 Significant clouds NOT present (clear)",
    "CLOUDSTATE_01": "1 Significant clouds WERE present",
    "CLOUDSTATE_10": "2 Mixed cloud present on pixel",
    "CLOUDSTATE_11": "3 Cloud state not defined,assumed clear",
    "SCF_QC_000": "0, Main (RT) method used, best result possible (no saturation)",
    "SCF_QC_001": "1, Main (RT) method used with saturation. Good,very usable",
    "SCF_QC_010": "2, Main (RT) method failed due to bad geometry, empirical algorithm used",
    "SCF_QC_011": "3, Main (RT) method failed due to problems other than geometry, empirical algorithm used",
    "SCF_QC_100": "4, Pixel not produced at all, value coudn't be retrieved (possible reasons: badL1B data, unusable MOD09GA data)",
    "start_datetime": "2021-12-03T00:00:00Z",
    "end_datetime": "2021-12-10T23:59:59Z",
    "instruments": [
      "modis"
    ],
    "platform": "terra",
    "created": "2022-01-31T14:10:00Z",
    "updated": "2022-01-31T08:16:07.542000Z",
    "modis:horizontal-tile": 9,
    "modis:vertical-tile": 5,
    "modis:tile-id": "51009005",
    "eo:cloud_cover": 22,
    "datetime": null
  },
  "geometry": {
    "type": "Polygon",
    "coordinates": [
      [
        [
          -117.480448,
          39.997943
        ],
        [
          -116.498359,
          39.418777
        ],
        [
          -115.537497,
          38.835443
        ],
        [
          -114.597567,
          38.247944
        ],
        [
          -113.671904,
          37.652111
        ],
        [
          -112.766982,
          37.052111
        ],
        [
          -111.876509,
          36.443778
        ],
        [
          -111.000747,
          35.827112
        ],
        [
          -110.145598,
          35.206279
        ],
        [
          -109.305301,
          34.577112
        ],
        [
          -108.4854,
          33.943779
        ],
        [
          -107.680477,
          33.302113
        ],
        [
          -106.895737,
          32.65628
        ],
        [
          -106.126092,
          32.002113
        ],
        [
          -105.376421,
          31.34378
        ],
        [
          -104.641955,
          30.677114
        ],
        [
          -103.922902,
          30.002114
        ],
        [
          -92.380467,
          30.002114
        ],
        [
          -93.019657,
          30.677114
        ],
        [
          -93.672548,
          31.34378
        ],
        [
          -94.338955,
          32.002113
        ],
        [
          -95.023118,
          32.65628
        ],
        [
          -95.720699,
          33.302113
        ],
        [
          -96.436221,
          33.943779
        ],
        [
          -97.165058,
          34.577112
        ],
        [
          -97.912025,
          35.206279
        ],
        [
          -98.672195,
          35.827112
        ],
        [
          -99.450689,
          36.443778
        ],
        [
          -100.24226,
          37.052111
        ],
        [
          -101.046675,
          37.652111
        ],
        [
          -101.869526,
          38.247944
        ],
        [
          -102.70506,
          38.835443
        ],
        [
          -103.559202,
          39.418777
        ],
        [
          -104.432214,
          39.997943
        ],
        [
          -117.480448,
          39.997943
        ]
      ]
    ]
  },
  "links": [
    {
      "rel": "root",
      "href": "../collection.json",
      "type": "application/json",
      "title": "MODIS/Terra Gross Primary Productivity Gap-Filled 8-Day L4 Global 500 m SIN Grid"
    },
    {
      "rel": "collection",
      "href": "../collection.json",
      "type": "application/json",
      "title": "MODIS/Terra Gross Primary Productivity Gap-Filled 8-Day L4 Global 500 m SIN Grid"
    },
    {
      "rel": "parent",
      "href": "../collection.json",
      "type": "application/json",
      "title": "MODIS/Terra Gross Primary Productivity Gap-Filled 8-Day L4 Global 500 m SIN Grid"
    }
  ],
  "assets": {
    "hdf": {
      "href": "../../../../MOD17A2HGF.A2021337.h09v05.006.2022031141000.hdf",
      "type": "application/x-hdf",
      "title": "Source data containing all bands",
      "roles": [
        "data"
      ]
    },
    "metadata": {
      "href": "../../../../MOD17A2HGF.A2021337.h09v05.006.2022031141000.hdf.xml",
      "type": "application/xml",
      "title": "Federal Geographic Data Committee (FGDC) Metadata",
      "roles": [
        "metadata"
      ]
    }
  },
  "bbox": [
    -117.480448,
    30.002114,
    -92.380467,
    39.997943
  ],
  "stac_extensions": [
    "https://stac-extensions.github.io/eo/v1.0.0/schema.json"
  ],
  "collection": "modis-17A2HGF-006"
}