{
  "type": "Feature",
  "stac_version": "1.0.0",
  "id": "MOD17A2H.A2022017.h09v04.006.2022026222424",
  "properties": {
    "Non-Terrestrial_fill_value_class_32761": "Land cover assigned as \"unclassified\" or not able to determine",
    "Non-Terrestrial_fill_value_class_32762": "Land cover assigned as urban/built-up",
    "Non-Terrestrial_fill_value_class_32763": "Land cover assigned as \"permanent\" wetlands/inundated marshland",
    "Non-Terrestrial_fill_value_class_32764": "Land cover assigned as perennial snow, ice",
    "Non-Terrestrial_fill_value_class_32765": "Land cover assigned as barren, sparse vegetation (rock, tundra, desert)",
    "Non-Terrestrial_fill_value_class_32766": "Land cover assigned as perennial salt or water bodies",
    "Non-Terrestrial_fill_value_class_32767": "Fill",
    "MODLAND_QC_bits_0": "Good Quality - main algorithm with or without saturation",
    "MODLAND_QC_bits_1": "Other Quality - back-up algorithm or fill values",
    "SENSOR_0": "Terra",
    "SENSOR_1": "Aqua",
    "DEADDETECTOR_0": "Detectors apparently fine for up to 50% of channels 1,2",
    "DEADDETECTOR_1": "Dead detectors caused >50% adjacent detector retrieval",
    "CLOUDSTATE_00": "0 Significant clouds NOT present (clear)",
    "CLOUDSTATE_01": "1 Significant clouds WERE present",
    "CLOUDSTATE_10": "2 Mixed cloud present on pixel",
    "CLOUDSTATE_11": "3 Cloud state not defined,assumed clear",
    "SCF_QC_000": "0, Main (RT) method used, best result possible (no saturation)",
    "SCF_QC_001": "1, Main (RT) method used with saturation. Good,very usable",
    "SCF_QC_010": "2, Main (RT) method failed due to bad geometry, empirical algorithm used",
    "SCF_QC_011": "3, Main (RT) method failed due to problems other than geometry,empirical algorithm used",
    "SCF_QC_100": "4, Pixel not produced at all, value coudn't be retrieved(possible reasons: bad L1B data, unusable MOD09GA data)",
    "providers": [
      {
        "name": "NASA LP DAAC at the USGS EROS Center",
        "roles": [
          "producer",
          "licensor"
        ],
        "url": "https://doi.org/10.5067/MODIS/MOD17A2H.006"
      }
    ],
    "description": "The MOD17A2H Version 6 Gross Primary Productivity (GPP)\nproduct is a cumulative 8-day composite of\nvalues with 500 meter (m) pixel size based on the radiation use efficiency concept that can be\npotentially used as inputs to data models to calculate terrestrial energy, carbon, water cycle\nprocesses, and biogeochemistry of vegetation. The data product includes information about GPP\nand Net Photosynthesis (PSN). The PSN band values are the GPP less the Maintenance Respiration\n(MR). The data product also contains a PSN Quality Control (QC) layer. The quality layer\ncontains quality information for both the GPP and thePSN.",
    "instruments": [
      "MODIS"
    ],
    "platform": "Terra",
    "title": "MODIS/Terra Gross Primary Productivity 8-Day L4 Global 500 m SIN",
    "datetime": "2022-01-26T22:24:24Z"
  },
  "geometry": {
    "type": "Polygon",
    "coordinates": [
      [
        [
          -117.746445975456,
          39.7342308150748
        ],
        [
          -140.795234672207,
          49.9394187999602
        ],
        [
          -124.615349244084,
          50.1159178280076
        ],
        [
          -104.235445821904,
          39.8623890159424
        ]
      ]
    ]
  },
  "links": [
    {
      "rel": "root",
      "href": "../collection.json",
      "type": "application/json",
      "title": "MODIS/Terra Gross Primary Productivity 8-Day L4 Global 500 m SIN"
    },
    {
      "rel": "collection",
      "href": "../collection.json",
      "type": "application/json",
      "title": "MODIS/Terra Gross Primary Productivity 8-Day L4 Global 500 m SIN"
    },
    {
      "rel": "parent",
      "href": "../collection.json",
      "type": "application/json",
      "title": "MODIS/Terra Gross Primary Productivity 8-Day L4 Global 500 m SIN"
    }
  ],
  "assets": {
    "hdf": {
      "href": "../../../../MOD17A2H.A2022017.h09v04.006.2022026222424.hdf",
      "type": "application/x-hdf",
      "title": "hdf data",
      "eo:bands": [
        {
          "name": "Gpp_500m",
          "description": "Gross Primary Productivity"
        },
        {
          "name": "PsnNet_500m",
          "description": "Net Photosynthesis"
        },
        {
          "name": "Psn_QC_500m",
          "description": "Quality control indicators"
        }
      ],
      "roles": [
        "data"
      ]
    },
    "metadata": {
      "href": "../../../../MOD17A2H.A2022017.h09v04.006.2022026222424.hdf.xml",
      "type": "application/xml",
      "title": "FGDC Metdata",
      "roles": [
        "metadata"
      ]
    }
  },
  "bbox": [
    -140.795234672207,
    39.7342308150748,
    -104.235445821904,
    50.1159178280076
  ],
  "stac_extensions": [
    "https://stac-extensions.github.io/eo/v1.0.0/schema.json"
  ],
  "collection": "modis-MOD17A2H-006"
}