{
  "type": "Collection",
  "id": "MODIS/006/MCD43A4",
  "stac_version": "1.0.0",
  "description": "\n            The Moderate Resolution Imaging Spectroradiometer (MODIS) MCD43A4\n             Version 6 Nadir Bidirectional Reflectance Distribution Function\n             (BRDF)-Adjusted Reflectance (NBAR) dataset is produced daily using\n             16 days of Terra and Aqua MODIS data at 500 meter (m) resolution.\n             The view angle effects are removed from the directional reflectances,\n             resulting in a stable and consistent NBAR product. Data are temporally\n             weighted to the ninth day which is reflected in the Julian date in the\n             file name.\n            ",
  "links": [
    {
      "rel": "root",
      "href": "./collection.json",
      "type": "application/json",
      "title": "MCD43A4 v006 MODIS/Terra+Aqua Nadir BRDF-Adjusted Reflectance (NBAR) Daily L3 Global 500 m SIN Grid"
    },
    {
      "rel": "item",
      "href": "./MCD43A4.A2022019.h10v04.006.2022028111747/MCD43A4.A2022019.h10v04.006.2022028111747.json",
      "type": "application/json"
    }
  ],
  "stac_extensions": [
    "https://stac-extensions.github.io/item-assets/v1.0.0/schema.json"
  ],
  "item_assets": {
    "image": {
      "eo:bands": [
        {
          "name": "Nadir_Reflectance_Band1",
          "common_name": "red",
          "description": "NBAR at local solar noon for band 1",
          "center_wavelength": 0.645
        },
        {
          "name": "Nadir_Reflectance_Band2",
          "common_name": "nir",
          "description": "NBAR at local solar noon for band 2",
          "center_wavelength": 0.8585
        },
        {
          "name": "Nadir_Reflectance_Band3",
          "common_name": "blue",
          "description": "NBAR at local solar noon for band 3",
          "center_wavelength": 0.469
        },
        {
          "name": "Nadir_Reflectance_Band4",
          "common_name": "green",
          "description": "NBAR at local solar noon for band 4",
          "center_wavelength": 0.555
        },
        {
          "name": "Nadir_Reflectance_Band5",
          "description": "NBAR at local solar noon for band 5",
          "center_wavelength": 1.24
        },
        {
          "name": "Nadir_Reflectance_Band6",
          "common_name": "swir16",
          "description": "NBAR at local solar noon for band 6",
          "center_wavelength": 1.64
        },
        {
          "name": "Nadir_Reflectance_Band7",
          "common_name": "swir22",
          "description": "NBAR at local solar noon for band 7",
          "center_wavelength": 2.13
        },
        {
          "name": "BRDF_Albedo_Band_Mandatory_Quality_Band1",
          "description": "BRDF albedo mandatory quality for band 1"
        },
        {
          "name": "BRDF_Albedo_Band_Mandatory_Quality_Band2",
          "description": "BRDF albedo mandatory quality for band 2"
        },
        {
          "name": "BRDF_Albedo_Band_Mandatory_Quality_Band3",
          "description": "BRDF albedo mandatory quality for band 3"
        },
        {
          "name": "BRDF_Albedo_Band_Mandatory_Quality_Band4",
          "description": "BRDF albedo mandatory quality for band 4"
        },
        {
          "name": "BRDF_Albedo_Band_Mandatory_Quality_Band5",
          "description": "BRDF albedo mandatory quality for band 5"
        },
        {
          "name": "BRDF_Albedo_Band_Mandatory_Quality_Band6",
          "description": "BRDF albedo mandatory quality for band 6"
        },
        {
          "name": "BRDF_Albedo_Band_Mandatory_Quality_Band7",
          "description": "BRDF albedo mandatory quality for band 7"
        }
      ],
      "roles": [
        "data"
      ],
      "title": "RGBIR COG tile",
      "type": "image/tiff; application=geotiff; profile=cloud-optimized"
    }
  },
  "title": "MCD43A4 v006 MODIS/Terra+Aqua Nadir BRDF-Adjusted Reflectance (NBAR) Daily L3 Global 500 m SIN Grid",
  "extent": {
    "spatial": {
      "bbox": [
        [
          -180.0,
          180.0,
          -90.0,
          90.0
        ]
      ]
    },
    "temporal": {
      "interval": [
        [
          "2000-02-16T00:00:00Z",
          null
        ]
      ]
    }
  },
  "license": "proprietary",
  "providers": [
    {
      "name": "NASA LP DAAC at the USGS EROS Center",
      "roles": [
        "producer",
        "licensor"
      ],
      "url": "https://lpdaac.usgs.gov/"
    }
  ]
}