{
  "type": "Feature",
  "stac_version": "1.0.0",
  "id": "MOD10A1.A2022040.h11v05.061",
  "properties": {
    "start_datetime": "2022-02-09T00:00:00Z",
    "end_datetime": "2022-02-09T23:59:59Z",
    "instruments": [
      "modis"
    ],
    "platform": "terra",
    "created": "2022-02-11T04:20:28Z",
    "updated": "2022-02-10T21:25:29.136000Z",
    "modis:horizontal-tile": 11,
    "modis:vertical-tile": 5,
    "modis:tile-id": "51011005",
    "eo:cloud_cover": 24,
    "datetime": null
  },
  "geometry": {
    "type": "Polygon",
    "coordinates": [
      [
        [
          -91.37851,
          40.0
        ],
        [
          -90.619984,
          39.425
        ],
        [
          -89.872398,
          38.841667
        ],
        [
          -89.135987,
          38.25
        ],
        [
          -88.415938,
          37.654167
        ],
        [
          -87.712021,
          37.054167
        ],
        [
          -87.014672,
          36.441667
        ],
        [
          -86.338111,
          35.829167
        ],
        [
          -85.668517,
          35.204167
        ],
        [
          -85.015005,
          34.575
        ],
        [
          -84.377356,
          33.941667
        ],
        [
          -83.755357,
          33.304167
        ],
        [
          -83.141052,
          32.654167
        ],
        [
          -82.542488,
          32.0
        ],
        [
          -81.955829,
          31.3375
        ],
        [
          -81.388255,
          30.675
        ],
        [
          -80.829038,
          30.0
        ],
        [
          -69.282032,
          30.0
        ],
        [
          -69.764371,
          30.679167
        ],
        [
          -70.250965,
          31.341667
        ],
        [
          -70.750704,
          32.0
        ],
        [
          -71.263759,
          32.654167
        ],
        [
          -71.790306,
          33.304167
        ],
        [
          -72.323448,
          33.941667
        ],
        [
          -72.870004,
          34.575
        ],
        [
          -73.430157,
          35.204167
        ],
        [
          -74.00021,
          35.825
        ],
        [
          -74.584004,
          36.441667
        ],
        [
          -75.177605,
          37.05
        ],
        [
          -75.785089,
          37.654167
        ],
        [
          -76.406655,
          38.254167
        ],
        [
          -77.028973,
          38.8375
        ],
        [
          -77.674272,
          39.425
        ],
        [
          -78.324437,
          40.0
        ],
        [
          -91.37851,
          40.0
        ]
      ]
    ]
  },
  "links": [
    {
      "rel": "root",
      "href": "../collection.json",
      "type": "application/json",
      "title": "MODIS Snow Cover Daily"
    },
    {
      "rel": "collection",
      "href": "../collection.json",
      "type": "application/json",
      "title": "MODIS Snow Cover Daily"
    },
    {
      "rel": "parent",
      "href": "../collection.json",
      "type": "application/json",
      "title": "MODIS Snow Cover Daily"
    }
  ],
  "assets": {
    "hdf": {
      "href": "../../../../MOD10A1.A2022040.h11v05.061.2022042042026.hdf",
      "type": "application/x-hdf",
      "title": "Source data containing all bands",
      "roles": [
        "data"
      ]
    },
    "metadata": {
      "href": "../../../../MOD10A1.A2022040.h11v05.061.2022042042026.hdf.xml",
      "type": "application/xml",
      "title": "Federal Geographic Data Committee (FGDC) Metadata",
      "roles": [
        "metadata"
      ]
    }
  },
  "bbox": [
    -91.37851,
    30.0,
    -69.282032,
    40.0
  ],
  "stac_extensions": [
    "https://stac-extensions.github.io/eo/v1.0.0/schema.json"
  ],
  "collection": "modis-10A1-061"
}