{
  "type": "Feature",
  "stac_version": "1.0.0",
  "id": "MOD09A1.A2022033.h19v10.061",
  "properties": {
    "start_datetime": "2022-02-02T00:00:00Z",
    "end_datetime": "2022-02-09T23:59:59Z",
    "instruments": [
      "modis"
    ],
    "platform": "terra",
    "created": "2022-02-11T04:35:14Z",
    "updated": "2022-02-10T22:44:13.607000Z",
    "modis:horizontal-tile": 19,
    "modis:vertical-tile": 10,
    "modis:tile-id": "51019010",
    "eo:cloud_cover": 0,
    "datetime": null
  },
  "geometry": {
    "type": "Polygon",
    "coordinates": [
      [
        [
          10.154266,
          -10.0
        ],
        [
          10.245943,
          -12.579167
        ],
        [
          10.357621,
          -15.1
        ],
        [
          10.489146,
          -17.566667
        ],
        [
          10.641778,
          -20.0
        ],
        [
          21.283555,
          -20.0
        ],
        [
          21.126103,
          -18.791667
        ],
        [
          20.979742,
          -17.579167
        ],
        [
          20.841997,
          -16.341667
        ],
        [
          20.714836,
          -15.095833
        ],
        [
          20.598897,
          -13.85
        ],
        [
          20.491554,
          -12.575
        ],
        [
          20.395371,
          -11.3
        ],
        [
          20.308532,
          -10.0
        ],
        [
          10.154266,
          -10.0
        ]
      ]
    ]
  },
  "links": [
    {
      "rel": "root",
      "href": "../collection.json",
      "type": "application/json",
      "title": "MODIS Surface Reflectance 8-Day (500m)"
    },
    {
      "rel": "collection",
      "href": "../collection.json",
      "type": "application/json",
      "title": "MODIS Surface Reflectance 8-Day (500m)"
    },
    {
      "rel": "parent",
      "href": "../collection.json",
      "type": "application/json",
      "title": "MODIS Surface Reflectance 8-Day (500m)"
    }
  ],
  "assets": {
    "hdf": {
      "href": "../../../../MOD09A1.A2022033.h19v10.061.2022042043514.hdf",
      "type": "application/x-hdf",
      "title": "Source data containing all bands",
      "roles": [
        "data"
      ]
    },
    "metadata": {
      "href": "../../../../MOD09A1.A2022033.h19v10.061.2022042043514.hdf.xml",
      "type": "application/xml",
      "title": "Federal Geographic Data Committee (FGDC) Metadata",
      "roles": [
        "metadata"
      ]
    }
  },
  "bbox": [
    10.154266,
    -20.0,
    21.283555,
    -10.0
  ],
  "stac_extensions": [
    "https://stac-extensions.github.io/eo/v1.0.0/schema.json"
  ],
  "collection": "modis-09A1-061"
}