{
  "type": "Collection",
  "id": "modis-13A1-061",
  "stac_version": "1.0.0",
  "description": "The Moderate Resolution Imaging Spectroradiometer (MODIS) Vegetation Indices 16-Day Version 6.1 product provides Vegetation Index (VI) values at a per pixel basis at 500 meter (m) spatial resolution. There are two primary vegetation layers. The first is the Normalized Difference Vegetation Index (NDVI), which is referred to as the continuity index to the existing National Oceanic and Atmospheric Administration-Advanced Very High Resolution Radiometer (NOAA-AVHRR) derived NDVI. The second vegetation layer is the Enhanced Vegetation Index (EVI), which has improved sensitivity over high biomass regions. The algorithm for this product chooses the best available pixel value from all the acquisitions from the 16 day period. The criteria used is low clouds, low view angle, and the highest NDVI/EVI value. Provided along with the vegetation layers and two quality assurance (QA) layers are reflectance bands 1 (red), 2 (near-infrared), 3 (blue), and 7 (mid-infrared), as well as four observation layers.",
  "links": [
    {
      "rel": "root",
      "href": "./collection.json",
      "type": "application/json",
      "title": "MODIS Vegetation Indices 16-Day (500m)"
    },
    {
      "rel": "help",
      "href": "https://lpdaac.usgs.gov/documents/621/MOD13_User_Guide_V61.pdf",
      "title": "MOD13 User Guide"
    },
    {
      "rel": "describedby",
      "href": "https://ladsweb.modaps.eosdis.nasa.gov/filespec/MODIS/61/MOD13A1",
      "title": "MOD13A1 file specification"
    },
    {
      "rel": "describedby",
      "href": "https://ladsweb.modaps.eosdis.nasa.gov/filespec/MODIS/61/MYD13A1",
      "title": "MYD13A1 file specification"
    },
    {
      "rel": "cite-as",
      "href": "https://doi.org/10.5067/MODIS/MOD13A1.061",
      "title": "LP DAAC - MOD13A1"
    },
    {
      "rel": "cite-as",
      "href": "https://doi.org/10.5067/MODIS/MYD13A1.061",
      "title": "LP DAAC - MYD13A1"
    },
    {
      "rel": "item",
      "href": "./MOD13A1.A2022017.h12v11.061.2022034232214/MOD13A1.A2022017.h12v11.061.2022034232214.json",
      "type": "application/json"
    }
  ],
  "stac_extensions": [
    "https://stac-extensions.github.io/item-assets/v1.0.0/schema.json"
  ],
  "item_assets": {
    "hdf": {
      "type": "application/x-hdf",
      "roles": [
        "data"
      ],
      "title": "Source data containing all bands",
      "eo:bands": {
        "500m_16_days_NDVI": {
          "name": "500m 16 days NDVI",
          "raster:bands": {
            "data_type": "int16",
            "unit": "NDVI",
            "scale": 0.0001,
            "spatial_resolution": 500
          }
        },
        "500m_16_days_EVI": {
          "name": "500m 16 days EVI",
          "raster:bands": {
            "data_type": "int16",
            "unit": "EVI",
            "scale": 0.0001,
            "spatial_resolution": 500
          }
        },
        "500m_16_days_VI_Quality": {
          "name": "VI quality indicators",
          "raster:bands": {
            "data_type": "uint16",
            "spatial_resolution": 500
          }
        },
        "500m_16_days_red_reflectance": {
          "name": "Surface Reflectance Band 1",
          "raster:bands": {
            "data_type": "int16",
            "scale": 0.0001,
            "spatial_resolution": 500
          }
        },
        "500m_16_days_NIR_reflectance": {
          "name": "Surface Reflectance Band 2",
          "raster:bands": {
            "data_type": "int16",
            "scale": 0.0001,
            "spatial_resolution": 500
          }
        },
        "500m_16_days_blue_reflectance": {
          "name": "Surface Reflectance Band 3",
          "raster:bands": {
            "data_type": "int16",
            "scale": 0.0001,
            "spatial_resolution": 500
          }
        },
        "500m_16_days_MIR_reflectance": {
          "name": "Surface Reflectance Band 7",
          "raster:bands": {
            "data_type": "int16",
            "scale": 0.0001,
            "spatial_resolution": 500
          }
        },
        "500m_16_days_view_zenith_angle": {
          "name": "View zenith angle of VI Pixel",
          "raster:bands": {
            "data_type": "int16",
            "unit": "Degree",
            "scale": 0.01,
            "spatial_resolution": 500
          }
        },
        "500m_16_days_sun_zenith_angle": {
          "name": "Sun zenith angle of VI pixel",
          "raster:bands": {
            "data_type": "int16",
            "unit": "Degree",
            "scale": 0.01,
            "spatial_resolution": 500
          }
        },
        "500m_16_days_relative_azimuth_angle": {
          "name": "Relative azimuth angle of VI pixel",
          "raster:bands": {
            "data_type": "int16",
            "unit": "Degree",
            "scale": 0.01,
            "spatial_resolution": 500
          }
        },
        "500m_16_days_composite_day_of_the_year": {
          "name": "Day of year VI pixel",
          "raster:bands": {
            "data_type": "int16",
            "unit": "Julian Day",
            "spatial_resolution": 500
          }
        },
        "500m_16_days_pixel_reliability": {
          "name": "Quality reliability of VI pixel",
          "raster:bands": {
            "data_type": "int8",
            "unit": "Rank",
            "spatial_resolution": 500
          }
        }
      }
    },
    "metadata": {
      "type": "application/xml",
      "roles": [
        "metadata"
      ],
      "title": "Federal Geographic Data Committee (FGDC) Metadata"
    }
  },
  "title": "MODIS Vegetation Indices 16-Day (500m)",
  "extent": {
    "spatial": {
      "bbox": [
        [
          -180,
          -90,
          180,
          90
        ]
      ]
    },
    "temporal": {
      "interval": [
        [
          "2000-02-18T00:00:00Z",
          null
        ]
      ]
    }
  },
  "license": "proprietary",
  "keywords": [
    "NASA",
    "MODIS",
    "Satellite",
    "Remote Sensing",
    "Imagery",
    "Global",
    "Reflectance",
    "MOD13A1",
    "MYD13A1"
  ],
  "providers": [
    {
      "name": "NASA LP DAAC at the USGS EROS Center",
      "roles": [
        "producer",
        "licensor",
        "processor",
        "host"
      ],
      "url": "https://lpdaac.usgs.gov/"
    }
  ],
  "summaries": {
    "instruments": [
      "modis"
    ],
    "platform": [
      "terra"
    ]
  }
}