{
  "type": "Feature",
  "stac_version": "1.0.0",
  "id": "MYD13A1.A2022009.h25v02.061",
  "properties": {
    "start_datetime": "2022-01-09T00:00:00Z",
    "end_datetime": "2022-01-24T23:59:59Z",
    "instruments": [
      "modis"
    ],
    "platform": "aqua",
    "created": "2022-01-28T12:19:25Z",
    "updated": "2022-01-28T06:24:44.574000Z",
    "modis:horizontal-tile": 25,
    "modis:vertical-tile": 2,
    "modis:tile-id": "51025002",
    "eo:cloud_cover": 0,
    "datetime": null
  },
  "geometry": {
    "type": "Polygon",
    "coordinates": [
      [
        [
          180.0,
          67.116667
        ],
        [
          180.0,
          63.6125
        ],
        [
          177.304153,
          63.179167
        ],
        [
          174.720589,
          62.75
        ],
        [
          172.173021,
          62.3125
        ],
        [
          169.639194,
          61.8625
        ],
        [
          167.144418,
          61.404167
        ],
        [
          164.732346,
          60.945833
        ],
        [
          162.357431,
          60.479167
        ],
        [
          160.0,
          60.0
        ],
        [
          140.0,
          60.0
        ],
        [
          142.154043,
          60.5
        ],
        [
          144.3487,
          60.991667
        ],
        [
          146.603529,
          61.479167
        ],
        [
          148.900201,
          61.958333
        ],
        [
          151.238585,
          62.429167
        ],
        [
          153.618468,
          62.891667
        ],
        [
          156.016949,
          63.341667
        ],
        [
          158.501446,
          63.791667
        ],
        [
          161.003657,
          64.229167
        ],
        [
          163.595831,
          64.666667
        ],
        [
          166.204565,
          65.091667
        ],
        [
          168.853362,
          65.508333
        ],
        [
          171.541336,
          65.916667
        ],
        [
          174.325272,
          66.325
        ],
        [
          177.120343,
          66.720833
        ],
        [
          179.984227,
          67.1125
        ],
        [
          180.0,
          67.116667
        ]
      ]
    ]
  },
  "links": [
    {
      "rel": "root",
      "href": "../collection.json",
      "type": "application/json",
      "title": "MODIS Vegetation Indices 16-Day (500m)"
    },
    {
      "rel": "collection",
      "href": "../collection.json",
      "type": "application/json",
      "title": "MODIS Vegetation Indices 16-Day (500m)"
    },
    {
      "rel": "parent",
      "href": "../collection.json",
      "type": "application/json",
      "title": "MODIS Vegetation Indices 16-Day (500m)"
    }
  ],
  "assets": {
    "hdf": {
      "href": "../../../../MYD13A1.A2022009.h25v02.061.2022028071925.hdf",
      "type": "application/x-hdf",
      "title": "Source data containing all bands",
      "roles": [
        "data"
      ]
    },
    "metadata": {
      "href": "../../../../MYD13A1.A2022009.h25v02.061.2022028071925.hdf.xml",
      "type": "application/xml",
      "title": "Federal Geographic Data Committee (FGDC) Metadata",
      "roles": [
        "metadata"
      ]
    }
  },
  "bbox": [
    140.0,
    60.0,
    180.0,
    67.116667
  ],
  "stac_extensions": [
    "https://stac-extensions.github.io/eo/v1.0.0/schema.json"
  ],
  "collection": "modis-13A1-061"
}