{
  "type": "Collection",
  "id": "modis-44W-006",
  "stac_version": "1.0.0",
  "description": "The Terra Moderate Resolution Imaging Spectroradiometer (MODIS) Land Water Mask (MOD44W) Version 6 data product provides a global map of surface water at 250 meter (m) spatial resolution. The data are available annually from 2000 to 2015. MOD44W Version 6 is derived using a decision tree classifier trained with MODIS data and validated with the Version 5 MOD44W data product. A series of masks are applied to address known issues caused by terrain shadow, burn scars, cloudiness, or ice cover in oceans. A primary improvement in Version 6 is the generation of time series data rather than a simple static representation of water, given that water bodies fluctuate in size and location over time due to both natural and anthropogenic causes. Provided in each MOD44W Version 6 Hierarchical Data Format 4 (HDF4) file are layers for land, water, no data, and an associated per pixel quality assurance (QA) layer that provides users with information on the determination of water.",
  "links": [
    {
      "rel": "root",
      "href": "./collection.json",
      "type": "application/json",
      "title": "MODIS/Terra Land Water Mask Derived from MODIS and SRTM L3 Yearly Global 250 m SIN Grid"
    },
    {
      "rel": "help",
      "href": "https://lpdaac.usgs.gov/documents/109/MOD44W_User_Guide_ATBD_V6.pdf",
      "title": "User Guide"
    },
    {
      "rel": "cite-as",
      "href": "https://doi.org/10.5067/MODIS/MOD44W.006"
    },
    {
      "rel": "item",
      "href": "./MOD44W.A2015001.h10v04.006.2018033150244/MOD44W.A2015001.h10v04.006.2018033150244.json",
      "type": "application/json"
    }
  ],
  "stac_extensions": [
    "https://stac-extensions.github.io/item-assets/v1.0.0/schema.json",
    "https://stac-extensions.github.io/scientific/v1.0.0/schema.json"
  ],
  "item_assets": {
    "hdf": {
      "type": "application/x-hdf",
      "roles": [
        "data"
      ],
      "title": "hdf data",
      "eo:bands": [
        {
          "name": "Water_mask",
          "description": "Land/Water Mask"
        },
        {
          "name": "Water_mask_QA",
          "description": "Quality Assurance (QA)"
        }
      ]
    },
    "metadata": {
      "type": "application/xml",
      "roles": [
        "metadata"
      ],
      "title": "FGDC Metdata"
    }
  },
  "sci:doi": "10.5067/MODIS/MOD44W.006",
  "title": "MODIS/Terra Land Water Mask Derived from MODIS and SRTM L3 Yearly Global 250 m SIN Grid",
  "extent": {
    "spatial": {
      "bbox": [
        [
          -180.0,
          180.0,
          -90.0,
          90.0
        ]
      ]
    },
    "temporal": {
      "interval": [
        [
          "2000-01-01T00:00:00Z",
          "2015-12-31T00:00:00Z"
        ]
      ]
    }
  },
  "license": "proprietary",
  "keywords": [],
  "providers": [
    {
      "name": "NASA LP DAAC at the USGS EROS Center",
      "roles": [
        "producer",
        "licensor"
      ],
      "url": "https://doi.org/10.5067/MODIS/MOD44W.006"
    }
  ],
  "summaries": {
    "instruments": [
      "modis"
    ],
    "platform": [
      "terra"
    ]
  }
}