{
  "type": "Feature",
  "stac_version": "1.0.0",
  "id": "MYD21A2.A2022025.h10v06.061.2022035072054",
  "properties": {
    "start_datetime": "2022-01-25T00:00:00Z",
    "end_datetime": "2022-02-01T23:59:59Z",
    "modis:horizontal-tile": 10,
    "modis:vertical-tile": 6,
    "modis:tile-id": "51010006",
    "instruments": [
      "modis"
    ],
    "platform": "aqua",
    "created": "2022-02-04T07:20:54Z",
    "updated": "2022-02-04T01:25:32.670000Z",
    "datetime": null
  },
  "geometry": {
    "type": "Polygon",
    "coordinates": [
      [
        [
          -85.1199000270707,
          19.8972839682412
        ],
        [
          -92.3760430595367,
          29.9999999973059
        ],
        [
          -80.5352459184066,
          30.0383760061888
        ],
        [
          -74.2129537334706,
          19.9339184091026
        ],
        [
          -85.1199000270707,
          19.8972839682412
        ]
      ]
    ]
  },
  "links": [
    {
      "rel": "root",
      "href": "../collection.json",
      "type": "application/json",
      "title": "MODIS Land Surface Temperature/3-Band Emissivity 8-Day"
    },
    {
      "rel": "collection",
      "href": "../collection.json",
      "type": "application/json",
      "title": "MODIS Land Surface Temperature/3-Band Emissivity 8-Day"
    },
    {
      "rel": "parent",
      "href": "../collection.json",
      "type": "application/json",
      "title": "MODIS Land Surface Temperature/3-Band Emissivity 8-Day"
    }
  ],
  "assets": {
    "hdf": {
      "href": "../../../../MYD21A2.A2022025.h10v06.061.2022035072054.hdf",
      "type": "application/x-hdf",
      "title": "Source data containing all bands",
      "raster:bands": [
        {
          "data_type": "uint16",
          "spatial_resolution": 1000,
          "unit": "Kelvin",
          "scale": 0.02
        },
        {
          "data_type": "uint8",
          "spatial_resolution": 1000
        },
        {
          "data_type": "uint8",
          "spatial_resolution": 1000,
          "unit": "Degree"
        },
        {
          "data_type": "uint8",
          "spatial_resolution": 1000,
          "unit": "Hours",
          "scale": 0.1
        },
        {
          "data_type": "uint16",
          "spatial_resolution": 1000,
          "unit": "Kelvin",
          "scale": 0.02
        },
        {
          "data_type": "uint8",
          "spatial_resolution": 1000
        },
        {
          "data_type": "uint8",
          "spatial_resolution": 1000,
          "unit": "Degree"
        },
        {
          "data_type": "uint8",
          "spatial_resolution": 1000,
          "unit": "Hours",
          "scale": 0.1
        },
        {
          "data_type": "uint8",
          "spatial_resolution": 1000,
          "scale": 0.002
        },
        {
          "data_type": "uint8",
          "spatial_resolution": 1000,
          "scale": 0.002
        },
        {
          "data_type": "uint8",
          "spatial_resolution": 1000,
          "scale": 0.002
        }
      ],
      "roles": [
        "data"
      ]
    },
    "metadata": {
      "href": "../../../../MYD21A2.A2022025.h10v06.061.2022035072054.hdf.xml",
      "type": "application/xml",
      "title": "Federal Geographic Data Committee (FGDC) Metadata",
      "roles": [
        "metadata"
      ]
    }
  },
  "bbox": [
    -92.3760430595367,
    19.8972839682412,
    -74.2129537334706,
    30.0383760061888
  ],
  "stac_extensions": [
    "https://stac-extensions.github.io/raster/v1.0.0/schema.json"
  ],
  "collection": "modis-21A2-061"
}