{
  "type": "Feature",
  "stac_version": "1.0.0",
  "id": "MYD09Q1.A2022025.h02v08.061.2022035050917",
  "properties": {
    "start_datetime": "2022-01-25T00:00:00Z",
    "end_datetime": "2022-02-01T23:59:59Z",
    "instruments": [
      "modis"
    ],
    "platform": "aqua",
    "created": "2022-02-04T05:09:17Z",
    "updated": "2022-02-03T23:16:45.440000Z",
    "modis:horizontal-tile": 2,
    "modis:vertical-tile": 8,
    "modis:tile-id": "51002008",
    "datetime": null
  },
  "geometry": {
    "type": "Polygon",
    "coordinates": [
      [
        [
          -160.016146398558,
          -0.0150190872068678
        ],
        [
          -162.46825788668,
          9.99999999910196
        ],
        [
          -151.723329705736,
          10.0131469004655
        ],
        [
          -149.430892222897,
          0.00085771801455755
        ],
        [
          -160.016146398558,
          -0.0150190872068678
        ]
      ]
    ]
  },
  "links": [
    {
      "rel": "root",
      "href": "../collection.json",
      "type": "application/json",
      "title": "MODIS Surface Reflectance 8-Day (250m)"
    },
    {
      "rel": "collection",
      "href": "../collection.json",
      "type": "application/json",
      "title": "MODIS Surface Reflectance 8-Day (250m)"
    },
    {
      "rel": "parent",
      "href": "../collection.json",
      "type": "application/json",
      "title": "MODIS Surface Reflectance 8-Day (250m)"
    }
  ],
  "assets": {
    "metadata": {
      "href": "../../../../MYD09Q1.A2022025.h02v08.061.2022035050917.hdf.xml",
      "type": "application/xml",
      "title": "Federal Geographic Data Committee (FGDC) Metadata",
      "roles": [
        "metadata"
      ]
    },
    "hdf": {
      "href": "../../../../MYD09Q1.A2022025.h02v08.061.2022035050917.hdf",
      "type": "application/x-hdf",
      "title": "Source data containing all bands",
      "roles": [
        "data"
      ]
    }
  },
  "bbox": [
    -162.46825788668,
    -0.0150190872068678,
    -149.430892222897,
    10.0131469004655
  ],
  "stac_extensions": [],
  "collection": "modis-09Q1-061"
}