{
  "type": "Feature",
  "stac_version": "1.0.0",
  "id": "MOD21A2.A2022033.h12v08.061",
  "properties": {
    "start_datetime": "2022-02-02T00:00:00Z",
    "end_datetime": "2022-02-09T23:59:59Z",
    "instruments": [
      "modis"
    ],
    "platform": "terra",
    "created": "2022-02-11T05:07:33Z",
    "updated": "2022-02-10T23:11:39.276000Z",
    "modis:horizontal-tile": 12,
    "modis:vertical-tile": 8,
    "modis:tile-id": "51012008",
    "eo:cloud_cover": 36,
    "datetime": null
  },
  "geometry": {
    "type": "Polygon",
    "coordinates": [
      [
        [
          -60.920646,
          9.995874
        ],
        [
          -60.704417,
          8.762541
        ],
        [
          -60.516495,
          7.520875
        ],
        [
          -60.357991,
          6.279209
        ],
        [
          -60.227755,
          5.029209
        ],
        [
          -60.126635,
          3.77921
        ],
        [
          -60.054003,
          2.520877
        ],
        [
          -60.010455,
          1.262544
        ],
        [
          -59.995886,
          0.004212
        ],
        [
          -50.004224,
          0.004212
        ],
        [
          -50.016367,
          1.262544
        ],
        [
          -50.052662,
          2.520877
        ],
        [
          -50.113198,
          3.77921
        ],
        [
          -50.197478,
          5.029209
        ],
        [
          -50.306025,
          6.279209
        ],
        [
          -50.438131,
          7.520875
        ],
        [
          -50.594757,
          8.762541
        ],
        [
          -50.774975,
          9.995874
        ],
        [
          -60.920646,
          9.995874
        ]
      ]
    ]
  },
  "links": [
    {
      "rel": "root",
      "href": "../collection.json",
      "type": "application/json",
      "title": "MODIS Land Surface Temperature/3-Band Emissivity 8-Day"
    },
    {
      "rel": "collection",
      "href": "../collection.json",
      "type": "application/json",
      "title": "MODIS Land Surface Temperature/3-Band Emissivity 8-Day"
    },
    {
      "rel": "parent",
      "href": "../collection.json",
      "type": "application/json",
      "title": "MODIS Land Surface Temperature/3-Band Emissivity 8-Day"
    }
  ],
  "assets": {
    "hdf": {
      "href": "../../../../MOD21A2.A2022033.h12v08.061.2022042050733.hdf",
      "type": "application/x-hdf",
      "title": "Source data containing all bands",
      "roles": [
        "data"
      ]
    },
    "metadata": {
      "href": "../../../../MOD21A2.A2022033.h12v08.061.2022042050733.hdf.xml",
      "type": "application/xml",
      "title": "Federal Geographic Data Committee (FGDC) Metadata",
      "roles": [
        "metadata"
      ]
    }
  },
  "bbox": [
    -60.920646,
    0.004212,
    -50.004224,
    9.995874
  ],
  "stac_extensions": [
    "https://stac-extensions.github.io/eo/v1.0.0/schema.json"
  ],
  "collection": "modis-21A2-061"
}