{
  "type": "Feature",
  "stac_version": "1.0.0",
  "id": "MOD11A2.A2022033.h19v10.061.2022042044121",
  "properties": {
    "start_datetime": "2022-02-02T00:00:00Z",
    "end_datetime": "2022-02-09T23:59:59Z",
    "modis:horizontal-tile": 19,
    "modis:vertical-tile": 10,
    "modis:tile-id": "51019010",
    "instruments": [
      "modis"
    ],
    "platform": "terra",
    "created": "2022-02-11T04:41:21Z",
    "updated": "2022-02-10T22:57:48.564000Z",
    "datetime": null
  },
  "geometry": {
    "type": "Polygon",
    "coordinates": [
      [
        [
          10.1503061244239,
          -10.0041666666667
        ],
        [
          20.3048161498421,
          -10.0041666666667
        ],
        [
          21.2790968650958,
          -19.9958333333333
        ],
        [
          10.6373373643085,
          -19.9958333333333
        ],
        [
          10.1503061244239,
          -10.0041666666667
        ]
      ]
    ]
  },
  "links": [
    {
      "rel": "root",
      "href": "../collection.json",
      "type": "application/json",
      "title": "MODIS/Terra Land Surface Temperature/Emissivity 8-Day L3 Global 1 km SIN Grid"
    },
    {
      "rel": "collection",
      "href": "../collection.json",
      "type": "application/json",
      "title": "MODIS/Terra Land Surface Temperature/Emissivity 8-Day L3 Global 1 km SIN Grid"
    },
    {
      "rel": "parent",
      "href": "../collection.json",
      "type": "application/json",
      "title": "MODIS/Terra Land Surface Temperature/Emissivity 8-Day L3 Global 1 km SIN Grid"
    }
  ],
  "assets": {
    "hdf": {
      "href": "../../../../MOD11A2.A2022033.h19v10.061.2022042044121.hdf",
      "type": "application/x-hdf",
      "title": "hdf data",
      "eo:bands": [
        {
          "name": "LST_Day_1km",
          "description": "8-day daytime 1km grid Landsurface Temperature"
        },
        {
          "name": "QC_Day",
          "description": "Quality control for daytime LST and emissivity"
        },
        {
          "name": "Day_view_time",
          "description": "Average time of daytime Landsurface Temperature observation"
        },
        {
          "name": "Day_view_angl",
          "description": "Average view zenith angle of daytime Land-surface Temperature"
        },
        {
          "name": "LST_Night_1km",
          "description": "8-day nighttime 1km grid Landsurface Temperature"
        },
        {
          "name": "QC_Night",
          "description": "Quality control for nighttime LST and emissivity"
        },
        {
          "name": "Night_view_time",
          "description": "Average view zenith angle of nighttime Land-surface Temperature"
        },
        {
          "name": "Night_view_angl",
          "description": "View zenith angle of nighttime Land-surface Temperature "
        },
        {
          "name": "Emis_31",
          "description": "Band 31 emissivity"
        },
        {
          "name": "Emis_32",
          "description": "Band 32 emissivity"
        },
        {
          "name": "Clear_sky_days",
          "description": "the days in clear-sky conditions and with validate LSTs"
        },
        {
          "name": "Clear_sky_nights",
          "description": "the nights in clear-sky conditions and with validate LSTs"
        }
      ],
      "raster:bands": [
        {
          "data_type": "uint16",
          "spatial_resolution": 1000,
          "unit": "Kelvin",
          "scale": 0.02
        },
        {
          "data_type": "uint8",
          "spatial_resolution": 1000
        },
        {
          "data_type": "uint8",
          "spatial_resolution": 1000,
          "unit": "Hours",
          "scale": 0.1
        },
        {
          "data_type": "uint8",
          "spatial_resolution": 1000,
          "unit": "Degree"
        },
        {
          "data_type": "uint16",
          "spatial_resolution": 1000,
          "unit": "Kelvin",
          "scale": 0.02
        },
        {
          "data_type": "uint8",
          "spatial_resolution": 1000
        },
        {
          "data_type": "uint8",
          "spatial_resolution": 1000,
          "unit": "Hours",
          "scale": 0.1
        },
        {
          "data_type": "uint8",
          "spatial_resolution": 1000,
          "unit": "Degree"
        },
        {
          "data_type": "uint8",
          "spatial_resolution": 1000,
          "scale": 0.002
        },
        {
          "data_type": "uint8",
          "spatial_resolution": 1000,
          "scale": 0.002
        },
        {
          "data_type": "uint8",
          "spatial_resolution": 1000
        },
        {
          "data_type": "uint8",
          "spatial_resolution": 1000
        }
      ],
      "roles": [
        "data"
      ]
    },
    "metadata": {
      "href": "../../../../MOD11A2.A2022033.h19v10.061.2022042044121.hdf.xml",
      "type": "application/xml",
      "title": "FGDC Metdata",
      "roles": [
        "metadata"
      ]
    }
  },
  "bbox": [
    10.1503061244239,
    -19.9958333333333,
    21.2790968650958,
    -10.0041666666667
  ],
  "stac_extensions": [
    "https://stac-extensions.github.io/eo/v1.0.0/schema.json",
    "https://stac-extensions.github.io/raster/v1.0.0/schema.json"
  ],
  "collection": "modis-MOD11A2-061"
}