{
  "type": "Feature",
  "stac_version": "1.0.0",
  "id": "MCD43A4.A2022032.h14v10.061",
  "properties": {
    "start_datetime": "2022-01-24T00:00:00Z",
    "end_datetime": "2022-02-08T23:59:59.999999Z",
    "instruments": [
      "modis"
    ],
    "platform": "terra,aqua",
    "created": "2022-02-10T05:19:45Z",
    "updated": "2022-02-09T23:25:46.095000Z",
    "modis:horizontal-tile": 14,
    "modis:vertical-tile": 10,
    "modis:tile-id": "51014010",
    "eo:cloud_cover": 10,
    "datetime": "2022-02-01T00:00:00Z"
  },
  "geometry": {
    "type": "Polygon",
    "coordinates": [
      [
        [
          -40.61526642856797,
          -10.002033691962518
        ],
        [
          -40.69875749284798,
          -10.647866723409626
        ],
        [
          -40.78719323226632,
          -11.28953309013772
        ],
        [
          -40.88115264162674,
          -11.931199456865814
        ],
        [
          -40.9800330870294,
          -12.568699158874894
        ],
        [
          -41.083790501923644,
          -13.202032196164959
        ],
        [
          -41.1931205766599,
          -13.835365233455027
        ],
        [
          -41.30731973476413,
          -14.46453160602608
        ],
        [
          -41.42716308334845,
          -15.093697978597133
        ],
        [
          -41.55187836343193,
          -15.71869768644917
        ],
        [
          -41.68143279318577,
          -16.339530729582194
        ],
        [
          -41.8157953302352,
          -16.956197107996207
        ],
        [
          -41.955902725403654,
          -17.57286348641022
        ],
        [
          -42.10083965954648,
          -18.18536320010522
        ],
        [
          -42.250580861410945,
          -18.793696249081204
        ],
        [
          -42.40510250638886,
          -19.39786263333817
        ],
        [
          -42.56438213156831,
          -19.99786235287613
        ],
        [
          -31.92718789201596,
          -19.99786235287613
        ],
        [
          -31.691808177537805,
          -18.793696249081204
        ],
        [
          -31.470772566427737,
          -17.57286348641022
        ],
        [
          -31.2648949603687,
          -16.339530729582194
        ],
        [
          -31.07416937257252,
          -15.093697978597133
        ],
        [
          -30.89861604108831,
          -13.835365233455027
        ],
        [
          -30.738780893056752,
          -12.568699158874894
        ],
        [
          -30.59413332699885,
          -11.28953309013772
        ],
        [
          -30.46517246605216,
          -10.002033691962518
        ],
        [
          -40.61526642856797,
          -10.002033691962518
        ]
      ]
    ]
  },
  "links": [
    {
      "rel": "root",
      "href": "../collection.json",
      "type": "application/json",
      "title": "MODIS Nadir BRDF-Adjusted Reflectance (NBAR) Daily"
    },
    {
      "rel": "collection",
      "href": "../collection.json",
      "type": "application/json",
      "title": "MODIS Nadir BRDF-Adjusted Reflectance (NBAR) Daily"
    },
    {
      "rel": "parent",
      "href": "../collection.json",
      "type": "application/json",
      "title": "MODIS Nadir BRDF-Adjusted Reflectance (NBAR) Daily"
    }
  ],
  "assets": {
    "hdf": {
      "href": "../../../../MCD43A4.A2022032.h14v10.061.2022041051831.hdf",
      "type": "application/x-hdf",
      "title": "Source data containing all bands",
      "roles": [
        "data"
      ]
    },
    "metadata": {
      "href": "../../../../MCD43A4.A2022032.h14v10.061.2022041051831.hdf.xml",
      "type": "application/xml",
      "title": "Federal Geographic Data Committee (FGDC) Metadata",
      "roles": [
        "metadata"
      ]
    }
  },
  "bbox": [
    -42.56438213156831,
    -19.99786235287613,
    -30.46517246605216,
    -10.002033691962518
  ],
  "stac_extensions": [
    "https://stac-extensions.github.io/eo/v1.0.0/schema.json"
  ],
  "collection": "modis-43A4-061"
}