{
  "type": "Collection",
  "id": "modis-MCD64A1-061",
  "stac_version": "1.0.0",
  "description": "The Terra and Aqua combined MCD64A1 Version 6.1 Burned Area data product is a monthly, global gridded 500 meter (m) product containing per-pixel burned-area and quality information. The MCD64A1 burned-area mapping approach employs 500 m Moderate Resolution Imaging Spectroradiometer (MODIS) Surface Reflectance imagery coupled with 1 kilometer (km) MODIS active fire observations. The algorithm uses a burn sensitive Vegetation Index (VI) to create dynamic thresholds that are applied to the composite data. The VI is derived from MODIS shortwave infrared atmospherically corrected surface reflectance bands 5 and 7 with a measure of temporal texture. The algorithm identifies the date of burn for the 500 m grid cells within each individual MODIS tile. The date is encoded in a single data layer as the ordinal day of the calendar year on which the burn occurred with values assigned to unburned land pixels and additional special values reserved for missing data and water grid cells. The data layers provided in the MCD64A1 product include Burn Date, Burn Data Uncertainty, Quality Assurance, along with First Day and Last Day of reliable change detection of the year.",
  "links": [
    {
      "rel": "root",
      "href": "./collection.json",
      "type": "application/json",
      "title": "MODIS/Terra+Aqua Burned Area Monthly L3 Global 500 m SIN Grid"
    },
    {
      "rel": "help",
      "href": "https://lpdaac.usgs.gov/documents/1006/MCD64_User_Guide_V61.pdf",
      "title": "User Guide"
    },
    {
      "rel": "describedby",
      "href": "https://ladsweb.modaps.eosdis.nasa.gov/filespec/MODIS/61/MCD64A1",
      "title": "Data File"
    },
    {
      "rel": "cite-as",
      "href": "https://doi.org/10.5067/MODIS/MCD64A1.061"
    },
    {
      "rel": "item",
      "href": "./MCD64A1.A2021335.h10v06.061.2022035055453/MCD64A1.A2021335.h10v06.061.2022035055453.json",
      "type": "application/json"
    }
  ],
  "stac_extensions": [
    "https://stac-extensions.github.io/item-assets/v1.0.0/schema.json",
    "https://stac-extensions.github.io/scientific/v1.0.0/schema.json"
  ],
  "item_assets": {
    "hdf": {
      "type": "application/x-hdf",
      "roles": [
        "data"
      ],
      "title": "hdf data",
      "eo:bands": [
        {
          "name": "Burn_Date",
          "description": "Burn day of year"
        },
        {
          "name": "Burn_Date_Uncertainty",
          "description": "Estimated uncertainty in burn day"
        },
        {
          "name": "QA",
          "description": "Quality Assurance Indicators"
        },
        {
          "name": "First_Day",
          "description": "First day of the year of reliable change detection"
        },
        {
          "name": "Last_Day",
          "description": "Last day of the year of reliable change detection"
        }
      ]
    },
    "metadata": {
      "type": "application/xml",
      "roles": [
        "metadata"
      ],
      "title": "FGDC Metdata"
    }
  },
  "sci:doi": "10.5067/MODIS/MCD64A1.061",
  "title": "MODIS/Terra+Aqua Burned Area Monthly L3 Global 500 m SIN Grid",
  "extent": {
    "spatial": {
      "bbox": [
        [
          -180,
          -90,
          180,
          90
        ]
      ]
    },
    "temporal": {
      "interval": [
        [
          "2000-11-01T00:00:00Z",
          null
        ]
      ]
    }
  },
  "license": "proprietary",
  "keywords": [
    "modis"
  ],
  "providers": [
    {
      "name": "NASA LP DAAC at the USGS EROS Center",
      "roles": [
        "producer",
        "licensor"
      ],
      "url": "https://doi.org/10.5067/MODIS/MCD64A1.061"
    }
  ],
  "summaries": {
    "instruments": [
      "modis"
    ],
    "platform": [
      "terra,aqua"
    ],
    "gsd": [
      500
    ]
  }
}