{
  "type": "Feature",
  "stac_version": "1.0.0",
  "id": "MOD11A2.A2022017.h10v05.006",
  "properties": {
    "QC_Mandatory_QA_flags_00": "LST produced, good quality, not necessary to examine more detailed QA",
    "QC_Mandatory_QA_flags_01": "LST produced, other quality, recommend examination of more detailed QA",
    "QC_Mandatory_QA_flags_10": "LST not produced due to cloud effects",
    "QC_Mandatory_QA_flags_11": "LST not produced primarily due to reasons other than cloud",
    "QC_Data_quality_flag_00": "good quality data",
    "QC_Data_quality_flag_01": "other quality data",
    "QC_Data_quality_flag_10": "TBD",
    "QC_Data_quality_flag_11": "TBD",
    "QC_Emis_Error_flag_00": "average emissivity error <= 0.01",
    "QC_Emis_Error_flag_01": "average emissivity error <= 0.02",
    "QC_Emis_Error_flag_10": "average emissivity error <= 0.04",
    "QC_Emis_Error_flag_11": "average emissivity error > 0.04",
    "QC_LST_Error_flag_00": "average LST error <= 1K",
    "QC_LST_Error_flag_01": "average LST error <= 2K",
    "QC_LST_Error_flag_10": "average LST error <= 3K",
    "QC_LST_Error_flag_11": "average LST error > 3K",
    "start_datetime": "2022-01-17T00:00:00Z",
    "end_datetime": "2022-01-24T23:59:59Z",
    "instruments": [
      "modis"
    ],
    "platform": "terra",
    "created": "2022-01-26T20:57:24Z",
    "updated": "2022-01-26T23:32:16.338000Z",
    "modis:horizontal-tile": 10,
    "modis:vertical-tile": 5,
    "modis:tile-id": "51010005",
    "eo:cloud_cover": 2,
    "datetime": null
  },
  "geometry": {
    "type": "Polygon",
    "coordinates": [
      [
        [
          -104.432583,
          40.0
        ],
        [
          -102.711312,
          38.841667
        ],
        [
          -101.041116,
          37.65
        ],
        [
          -99.445339,
          36.441667
        ],
        [
          -97.901853,
          35.2
        ],
        [
          -96.431264,
          33.941667
        ],
        [
          -95.013918,
          32.65
        ],
        [
          -93.667953,
          31.341667
        ],
        [
          -92.376043,
          30.0
        ],
        [
          -80.829038,
          30.0
        ],
        [
          -81.959459,
          31.341667
        ],
        [
          -83.137178,
          32.65
        ],
        [
          -84.377356,
          33.941667
        ],
        [
          -85.664122,
          35.2
        ],
        [
          -87.014672,
          36.441667
        ],
        [
          -88.410977,
          37.65
        ],
        [
          -89.872398,
          38.841667
        ],
        [
          -91.37851,
          40.0
        ],
        [
          -104.432583,
          40.0
        ]
      ]
    ]
  },
  "links": [
    {
      "rel": "root",
      "href": "../collection.json",
      "type": "application/json",
      "title": "MODIS/Terra Land Surface Temperature/Emissivity 8-Day L3 Global 1 km SIN Grid"
    },
    {
      "rel": "collection",
      "href": "../collection.json",
      "type": "application/json",
      "title": "MODIS/Terra Land Surface Temperature/Emissivity 8-Day L3 Global 1 km SIN Grid"
    },
    {
      "rel": "parent",
      "href": "../collection.json",
      "type": "application/json",
      "title": "MODIS/Terra Land Surface Temperature/Emissivity 8-Day L3 Global 1 km SIN Grid"
    }
  ],
  "assets": {
    "hdf": {
      "href": "../../../../MOD11A2.A2022017.h10v05.006.2022026205724.hdf",
      "type": "application/x-hdf",
      "title": "Source data containing all bands",
      "roles": [
        "data"
      ]
    },
    "metadata": {
      "href": "../../../../MOD11A2.A2022017.h10v05.006.2022026205724.hdf.xml",
      "type": "application/xml",
      "title": "Federal Geographic Data Committee (FGDC) Metadata",
      "roles": [
        "metadata"
      ]
    }
  },
  "bbox": [
    -104.432583,
    30.0,
    -80.829038,
    40.0
  ],
  "stac_extensions": [
    "https://stac-extensions.github.io/eo/v1.0.0/schema.json"
  ],
  "collection": "modis-11A2-006"
}